#
# A fatal error has been detected by the Java Runtime Environment:
#
#  SIGSEGV (0xb) at pc=0x00007ff813b555b1, pid=87268, tid=65799
#
# JRE version: Java(TM) SE Runtime Environment (25.0.3+9) (build 25.0.3+9-LTS-195)
# Java VM: Java HotSpot(TM) 64-Bit Server VM (25.0.3+9-LTS-195, mixed mode, sharing, tiered, compressed oops, compressed class ptrs, g1 gc, bsd-amd64)
# Problematic frame:
# C  [CoreVideo+0x25b1]  CVXTime::getCurrentTime(CVTimeStamp*) const+0xc7
#
# No core dump will be written. Core dumps have been disabled. To enable core dumping, try "ulimit -c unlimited" before starting Java again
#
# If you would like to submit a bug report, please visit:
#   https://bugreport.java.com/bugreport/crash.jsp
#

---------------  S U M M A R Y ------------

Command Line: -javaagent:/Applications/IntelliJ IDEA.app/Contents/lib/idea_rt.jar=57904 -Dfile.encoding=UTF-8 -Dsun.stdout.encoding=UTF-8 -Dsun.stderr.encoding=UTF-8 tankfight.Main

Host: "iMac17,1" x86_64 4000 MHz, 8 cores, 16G, Darwin 21.6.0, macOS 12.7.6 (21H1320)
Time: Sat Jul 18 06:13:29 2026 AEST elapsed time: 61249.079977 seconds (0d 17h 0m 49s)

---------------  T H R E A D  ---------------

Current thread is native thread

Stack: [0x0000700002bcb000,0x0000700002c4b000],  sp=0x0000700002c4ade0,  free space=511k
Native frames: (J=compiled Java code, j=interpreted, Vv=VM code, C=native code)
C  [CoreVideo+0x25b1]  CVXTime::getCurrentTime(CVTimeStamp*) const+0xc7
C  [CoreVideo+0x247a]  CVDisplayLink::getCurrentTime(CVTimeStamp*)+0x34
C  [CoreVideo+0x1e09]  CVDisplayLink::runIOThread()+0x23b
C  [libsystem_pthread.dylib+0x64e1]  _pthread_start+0x7d
C  [libsystem_pthread.dylib+0x1f6b]  thread_start+0xf

siginfo: si_signo: 11 (SIGSEGV), si_code: 0 (unknown), si_addr: 0x0000000000000000

Registers:
RAX=0x0000fec89aa79ff0, RBX=0x0000700002c4ae98, RCX=0x000544eaac76826d, RDX=0x000034f10b47b93a
RSP=0x0000700002c4ade0, RBP=0x0000700002c4adf0, RSI=0x00007fffffe00050, RDI=0x0000600003069ff0
R8 =0x0000000000000001, R9 =0x0000000000000100, R10=0x00007ff517d49690, R11=0x00007ff517d49694
R12=0x00007ff517d49718, R13=0x0000000000000000, R14=0x0000600003069ff0, R15=0x0000700002c4ae98
RIP=0x00007ff813b555b1, EFLAGS=0x0000000000010202, ERR=0x0000000000000000
  TRAPNO=0x000000000000000d


Top of Stack: (sp=0x0000700002c4ade0)
0x0000700002c4ade0:   00007ff517d49620 00007ff517d49638    .......8.......
0x0000700002c4adf0:   0000700002c4ae20 00007ff813b5547a    ....p..zT......
0x0000700002c4ae00:   00007ff84df854b8 00007ff517d49620   .T.M.... .......
0x0000700002c4ae10:   000579dbb7bdf01a 00007ff517d496d8   .....y..........
0x0000700002c4ae20:   0000700002c4afb0 00007ff813b54e09   .....p...N......
0x0000700002c4ae30:   3b9aca0000000000 000579dbb6ef5951   .......;QY...y..
0x0000700002c4ae40:   000579dbb7bdf01a 3ff0000000000000   .....y.........?
0x0000700002c4ae50:   0000000000000000 0000000000000000   ................
0x0000700002c4ae60:   0000000000000000 0000000000000000   ................
0x0000700002c4ae70:   0000000000000013 0000000000000000   ................
0x0000700002c4ae80:   0000000000000000 00007ff517d49638   ........8.......
0x0000700002c4ae90:   0000000000000000 0000000000000000   ................
0x0000700002c4aea0:   0000000000000000 000579dbb7be3ba7   .........;...y..
0x0000700002c4aeb0:   0000000000000000 0000000000000000   ................
0x0000700002c4aec0:   0000000000000000 0000000000000000   ................
0x0000700002c4aed0:   0000000000000000 0000000000000000   ................
0x0000700002c4aee0:   0000000000000000 0000000000000000   ................
0x0000700002c4aef0:   0000000000000000 0000e342000001c2   ............B...
0x0000700002c4af00:   ffffffffffffffff 0000000000000000   ................
0x0000700002c4af10:   000000006a599da8 0000000000022f68   ..Yj....h/......
0x0000700002c4af20:   0000000a0d191000 000000000b2c6000   .........`,.....
0x0000700002c4af30:   0000025da33f5a1a 000001a0c5ad2494   .Z?.]....$......
0x0000700002c4af40:   000001c5c80529ce 0000005fc11daa60   .)......`..._...
0x0000700002c4af50:   0010a9d300000001 00000d56000004d4   ............V...
0x0000700002c4af60:   043bc5e503c72b97 083b28f208856046   .+....;.F`...(;.
0x0000700002c4af70:   000000250814b70e 0000001f00000002   ....%...........
0x0000700002c4af80:   b3731b9148d400f2 0000700002c4b000   ...H..s......p..
0x0000700002c4af90:   0000000000000000 0000000000000000   ................
0x0000700002c4afa0:   0000000000000000 0000000000000000   ................
0x0000700002c4afb0:   0000700002c4afd0 00007ff80c2ae4e1   .....p....*.....
0x0000700002c4afc0:   0000000000000000 0000000000000000   ................
0x0000700002c4afd0:   0000700002c4aff0 00007ff80c2a9f6b   .....p..k.*.....

Instructions: (pc=0x00007ff813b555b1)
  0x00007ff813b554b1:   5d c3 90 55 48 89 e5 53 50 89 f3 e8 73 f3 ff ff
  0x00007ff813b554c1:   48 85 c0 74 17 48 8b 08 48 8b 89 d8 00 00 00 48
  0x00007ff813b554d1:   89 c7 89 de 48 83 c4 08 5b 5d ff e1 b8 fb e5 ff
  0x00007ff813b554e1:   ff 48 83 c4 08 5b 5d c3 90 55 48 89 e5 41 56 53
  0x00007ff813b554f1:   48 89 f3 49 89 fe 48 8d 05 9a 53 43 3a 0f 10 40
  0x00007ff813b55501:   40 0f 11 46 40 0f 10 00 0f 10 48 10 66 0f 10 50
  0x00007ff813b55511:   20 0f 10 58 30 0f 11 5e 30 66 0f 11 56 20 0f 11
  0x00007ff813b55521:   4e 10 0f 11 06 e8 eb e8 03 00 48 89 43 10 49 83
  0x00007ff813b55531:   3e 00 75 12 48 8d 3d a5 c7 04 00 31 c0 e8 cc d7
  0x00007ff813b55541:   01 00 48 8b 43 10 49 8b 4e 58 48 89 c2 48 29 ca
  0x00007ff813b55551:   73 26 48 29 c1 66 48 0f 6e c9 66 0f 62 0d 4d db
  0x00007ff813b55561:   04 00 66 0f 5c 0d 55 db 04 00 66 0f 7c c9 66 0f
  0x00007ff813b55571:   57 0d 29 d8 04 00 eb 19 66 48 0f 6e ca 66 0f 62
  0x00007ff813b55581:   0d 2a db 04 00 66 0f 5c 0d 32 db 04 00 66 0f 7c
  0x00007ff813b55591:   c9 f2 41 0f 10 46 48 66 0f 57 d2 66 0f 2e c2 75
  0x00007ff813b555a1:   02 7b 6f f2 0f 5e c8 66 0f 3a 0b c9 09 49 8b 06
=>0x00007ff813b555b1:   48 8b 88 b8 01 00 00 8b 80 c0 01 00 00 48 89 4b
  0x00007ff813b555c1:   20 89 43 04 41 8b 46 50 0f 57 d2 f2 48 0f 2a d0
  0x00007ff813b555d1:   f2 0f 58 d1 0f 57 c9 f2 48 0f 2a c9 f2 0f 59 ca
  0x00007ff813b555e1:   f2 48 0f 2c c1 48 89 43 08 f2 41 0f 10 4e 10 0f
  0x00007ff813b555f1:   14 0d b9 da 04 00 66 0f 5c 0d c1 da 04 00 66 0f
  0x00007ff813b55601:   7c c9 f2 0f 5e c1 f2 0f 11 43 18 b8 1b 00 00 00
  0x00007ff813b55611:   eb 05 b8 02 00 00 00 48 89 43 40 5b 41 5e 5d c3
  0x00007ff813b55621:   90 55 48 89 e5 e8 09 f2 ff ff 48 85 c0 74 0e 48
  0x00007ff813b55631:   8b 08 48 89 c7 ff 91 90 00 00 00 eb 0e 48 8d 0d
  0x00007ff813b55641:   43 d7 04 00 48 8b 01 48 8b 51 08 5d c3 55 48 89
  0x00007ff813b55651:   e5 41 57 41 56 41 55 41 54 53 48 81 ec 18 01 00
  0x00007ff813b55661:   00 89 4d cc 49 89 d6 48 89 fb 0f 10 06 0f 29 85
  0x00007ff813b55671:   60 ff ff ff 48 8b 46 10 48 89 45 d0 0f 10 46 28
  0x00007ff813b55681:   0f 29 45 80 0f 10 46 38 0f 29 45 90 48 8b 46 48
  0x00007ff813b55691:   48 89 45 a0 66 0f 10 46 18 66 0f 29 85 70 ff ff
  0x00007ff813b556a1:   ff 48 8d 87 e0 01 00 00 48 89 45 c0 48 8d 87 f8



---------------  P R O C E S S  ---------------

VM state: not at safepoint (normal execution)

VM Mutex/Monitor currently owned by a thread: None

Heap address: 0x0000000700000000, size: 4096 MB, Compressed Oops mode: Zero based, Oop shift amount: 3

CDS archive(s) mapped at: [0x000000012a000000-0x000000012ad9c000-0x000000012ad9c000), size 14270464, SharedBaseAddress: 0x000000012a000000, ArchiveRelocationMode: 1.
Compressed class space mapped at: 0x000000012b000000-0x000000016b000000, reserved size: 1073741824
UseCompressedClassPointers 1, UseCompactObjectHeaders 0
Narrow klass pointer bits 32, Max shift 3
Narrow klass base: 0x000000012a000000, Narrow klass shift: 0
Encoding Range: [0x000000012a000000 - 0x000000022a000000), (4294967296 bytes)
Klass Range:    [0x000000012a004000 - 0x000000016b000000), (1090502656 bytes)
Klass ID Range:  [16384 - 1090519033) (1090502649)
Protection zone: [0x000000012a000000 - 0x000000012a004000), (16384 bytes)

GC Precious Log:
<Skipped>

Heap:
 garbage-first heap   total reserved 4194304K, committed 264192K, used 14143K [0x0000000700000000, 0x0000000800000000)
  region size 2048K, 6 young (12288K), 1 survivors (2048K)

Heap Regions: E=young(eden), S=young(survivor), O=old, HS=humongous(starts), HC=humongous(continues), CS=collection set, F=free, TAMS=top-at-mark-start, PB=parsable bottom
|   0|0x0000000700000000, 0x0000000700200000, 0x0000000700200000|100%| O|  |TAMS 0x0000000700000000| PB 0x0000000700000000| Untracked |  0
|   1|0x0000000700200000, 0x00000007002ac628, 0x0000000700400000| 33%| O|  |TAMS 0x0000000700200000| PB 0x0000000700200000| Untracked |  0
|   2|0x0000000700400000, 0x0000000700400000, 0x0000000700600000|  0%| F|  |TAMS 0x0000000700400000| PB 0x0000000700400000| Untracked |  0
|   3|0x0000000700600000, 0x0000000700600000, 0x0000000700800000|  0%| F|  |TAMS 0x0000000700600000| PB 0x0000000700600000| Untracked |  0
|   4|0x0000000700800000, 0x0000000700800000, 0x0000000700a00000|  0%| F|  |TAMS 0x0000000700800000| PB 0x0000000700800000| Untracked |  0
|   5|0x0000000700a00000, 0x0000000700a00000, 0x0000000700c00000|  0%| F|  |TAMS 0x0000000700a00000| PB 0x0000000700a00000| Untracked |  0
|   6|0x0000000700c00000, 0x0000000700c00000, 0x0000000700e00000|  0%| F|  |TAMS 0x0000000700c00000| PB 0x0000000700c00000| Untracked |  0
|   7|0x0000000700e00000, 0x0000000700e00000, 0x0000000701000000|  0%| F|  |TAMS 0x0000000700e00000| PB 0x0000000700e00000| Untracked |  0
|   8|0x0000000701000000, 0x0000000701000000, 0x0000000701200000|  0%| F|  |TAMS 0x0000000701000000| PB 0x0000000701000000| Untracked |  0
|   9|0x0000000701200000, 0x0000000701200000, 0x0000000701400000|  0%| F|  |TAMS 0x0000000701200000| PB 0x0000000701200000| Untracked |  0
|  10|0x0000000701400000, 0x0000000701400000, 0x0000000701600000|  0%| F|  |TAMS 0x0000000701400000| PB 0x0000000701400000| Untracked |  0
|  11|0x0000000701600000, 0x0000000701600000, 0x0000000701800000|  0%| F|  |TAMS 0x0000000701600000| PB 0x0000000701600000| Untracked |  0
|  12|0x0000000701800000, 0x0000000701800000, 0x0000000701a00000|  0%| F|  |TAMS 0x0000000701800000| PB 0x0000000701800000| Untracked |  0
|  13|0x0000000701a00000, 0x0000000701a00000, 0x0000000701c00000|  0%| F|  |TAMS 0x0000000701a00000| PB 0x0000000701a00000| Untracked |  0
|  14|0x0000000701c00000, 0x0000000701c00000, 0x0000000701e00000|  0%| F|  |TAMS 0x0000000701c00000| PB 0x0000000701c00000| Untracked |  0
|  15|0x0000000701e00000, 0x0000000701e00000, 0x0000000702000000|  0%| F|  |TAMS 0x0000000701e00000| PB 0x0000000701e00000| Untracked |  0
|  16|0x0000000702000000, 0x0000000702000000, 0x0000000702200000|  0%| F|  |TAMS 0x0000000702000000| PB 0x0000000702000000| Untracked |  0
|  17|0x0000000702200000, 0x0000000702200000, 0x0000000702400000|  0%| F|  |TAMS 0x0000000702200000| PB 0x0000000702200000| Untracked |  0
|  18|0x0000000702400000, 0x0000000702400000, 0x0000000702600000|  0%| F|  |TAMS 0x0000000702400000| PB 0x0000000702400000| Untracked |  0
|  19|0x0000000702600000, 0x0000000702600000, 0x0000000702800000|  0%| F|  |TAMS 0x0000000702600000| PB 0x0000000702600000| Untracked |  0
|  20|0x0000000702800000, 0x0000000702800000, 0x0000000702a00000|  0%| F|  |TAMS 0x0000000702800000| PB 0x0000000702800000| Untracked |  0
|  21|0x0000000702a00000, 0x0000000702a00000, 0x0000000702c00000|  0%| F|  |TAMS 0x0000000702a00000| PB 0x0000000702a00000| Untracked |  0
|  22|0x0000000702c00000, 0x0000000702c00000, 0x0000000702e00000|  0%| F|  |TAMS 0x0000000702c00000| PB 0x0000000702c00000| Untracked |  0
|  23|0x0000000702e00000, 0x0000000702e00000, 0x0000000703000000|  0%| F|  |TAMS 0x0000000702e00000| PB 0x0000000702e00000| Untracked |  0
|  24|0x0000000703000000, 0x0000000703000000, 0x0000000703200000|  0%| F|  |TAMS 0x0000000703000000| PB 0x0000000703000000| Untracked |  0
|  25|0x0000000703200000, 0x0000000703200000, 0x0000000703400000|  0%| F|  |TAMS 0x0000000703200000| PB 0x0000000703200000| Untracked |  0
|  26|0x0000000703400000, 0x0000000703400000, 0x0000000703600000|  0%| F|  |TAMS 0x0000000703400000| PB 0x0000000703400000| Untracked |  0
|  27|0x0000000703600000, 0x0000000703600000, 0x0000000703800000|  0%| F|  |TAMS 0x0000000703600000| PB 0x0000000703600000| Untracked |  0
|  28|0x0000000703800000, 0x0000000703800000, 0x0000000703a00000|  0%| F|  |TAMS 0x0000000703800000| PB 0x0000000703800000| Untracked |  0
|  29|0x0000000703a00000, 0x0000000703a00000, 0x0000000703c00000|  0%| F|  |TAMS 0x0000000703a00000| PB 0x0000000703a00000| Untracked |  0
|  30|0x0000000703c00000, 0x0000000703c00000, 0x0000000703e00000|  0%| F|  |TAMS 0x0000000703c00000| PB 0x0000000703c00000| Untracked |  0
|  31|0x0000000703e00000, 0x0000000703e00000, 0x0000000704000000|  0%| F|  |TAMS 0x0000000703e00000| PB 0x0000000703e00000| Untracked |  0
|  32|0x0000000704000000, 0x0000000704000000, 0x0000000704200000|  0%| F|  |TAMS 0x0000000704000000| PB 0x0000000704000000| Untracked |  0
|  33|0x0000000704200000, 0x0000000704200000, 0x0000000704400000|  0%| F|  |TAMS 0x0000000704200000| PB 0x0000000704200000| Untracked |  0
|  34|0x0000000704400000, 0x0000000704400000, 0x0000000704600000|  0%| F|  |TAMS 0x0000000704400000| PB 0x0000000704400000| Untracked |  0
|  35|0x0000000704600000, 0x0000000704600000, 0x0000000704800000|  0%| F|  |TAMS 0x0000000704600000| PB 0x0000000704600000| Untracked |  0
|  36|0x0000000704800000, 0x0000000704800000, 0x0000000704a00000|  0%| F|  |TAMS 0x0000000704800000| PB 0x0000000704800000| Untracked |  0
|  37|0x0000000704a00000, 0x0000000704a00000, 0x0000000704c00000|  0%| F|  |TAMS 0x0000000704a00000| PB 0x0000000704a00000| Untracked |  0
|  38|0x0000000704c00000, 0x0000000704c00000, 0x0000000704e00000|  0%| F|  |TAMS 0x0000000704c00000| PB 0x0000000704c00000| Untracked |  0
|  39|0x0000000704e00000, 0x0000000704e00000, 0x0000000705000000|  0%| F|  |TAMS 0x0000000704e00000| PB 0x0000000704e00000| Untracked |  0
|  40|0x0000000705000000, 0x0000000705000000, 0x0000000705200000|  0%| F|  |TAMS 0x0000000705000000| PB 0x0000000705000000| Untracked |  0
|  41|0x0000000705200000, 0x0000000705200000, 0x0000000705400000|  0%| F|  |TAMS 0x0000000705200000| PB 0x0000000705200000| Untracked |  0
|  42|0x0000000705400000, 0x0000000705400000, 0x0000000705600000|  0%| F|  |TAMS 0x0000000705400000| PB 0x0000000705400000| Untracked |  0
|  43|0x0000000705600000, 0x0000000705600000, 0x0000000705800000|  0%| F|  |TAMS 0x0000000705600000| PB 0x0000000705600000| Untracked |  0
|  44|0x0000000705800000, 0x0000000705800000, 0x0000000705a00000|  0%| F|  |TAMS 0x0000000705800000| PB 0x0000000705800000| Untracked |  0
|  45|0x0000000705a00000, 0x0000000705a00000, 0x0000000705c00000|  0%| F|  |TAMS 0x0000000705a00000| PB 0x0000000705a00000| Untracked |  0
|  46|0x0000000705c00000, 0x0000000705c00000, 0x0000000705e00000|  0%| F|  |TAMS 0x0000000705c00000| PB 0x0000000705c00000| Untracked |  0
|  47|0x0000000705e00000, 0x0000000705e00000, 0x0000000706000000|  0%| F|  |TAMS 0x0000000705e00000| PB 0x0000000705e00000| Untracked |  0
|  48|0x0000000706000000, 0x0000000706000000, 0x0000000706200000|  0%| F|  |TAMS 0x0000000706000000| PB 0x0000000706000000| Untracked |  0
|  49|0x0000000706200000, 0x0000000706200000, 0x0000000706400000|  0%| F|  |TAMS 0x0000000706200000| PB 0x0000000706200000| Untracked |  0
|  50|0x0000000706400000, 0x0000000706400000, 0x0000000706600000|  0%| F|  |TAMS 0x0000000706400000| PB 0x0000000706400000| Untracked |  0
|  51|0x0000000706600000, 0x0000000706600000, 0x0000000706800000|  0%| F|  |TAMS 0x0000000706600000| PB 0x0000000706600000| Untracked |  0
|  52|0x0000000706800000, 0x0000000706803060, 0x0000000706a00000|  0%| S|CS|TAMS 0x0000000706800000| PB 0x0000000706800000| Complete |  0
|  53|0x0000000706a00000, 0x0000000706a00000, 0x0000000706c00000|  0%| F|  |TAMS 0x0000000706a00000| PB 0x0000000706a00000| Untracked |  0
|  54|0x0000000706c00000, 0x0000000706c00000, 0x0000000706e00000|  0%| F|  |TAMS 0x0000000706c00000| PB 0x0000000706c00000| Untracked |  0
|  55|0x0000000706e00000, 0x0000000706e00000, 0x0000000707000000|  0%| F|  |TAMS 0x0000000706e00000| PB 0x0000000706e00000| Untracked |  0
|  56|0x0000000707000000, 0x0000000707000000, 0x0000000707200000|  0%| F|  |TAMS 0x0000000707000000| PB 0x0000000707000000| Untracked |  0
|  57|0x0000000707200000, 0x0000000707200000, 0x0000000707400000|  0%| F|  |TAMS 0x0000000707200000| PB 0x0000000707200000| Untracked |  0
|  58|0x0000000707400000, 0x0000000707400000, 0x0000000707600000|  0%| F|  |TAMS 0x0000000707400000| PB 0x0000000707400000| Untracked |  0
|  59|0x0000000707600000, 0x0000000707600000, 0x0000000707800000|  0%| F|  |TAMS 0x0000000707600000| PB 0x0000000707600000| Untracked |  0
|  60|0x0000000707800000, 0x0000000707800000, 0x0000000707a00000|  0%| F|  |TAMS 0x0000000707800000| PB 0x0000000707800000| Untracked |  0
|  61|0x0000000707a00000, 0x0000000707a00000, 0x0000000707c00000|  0%| F|  |TAMS 0x0000000707a00000| PB 0x0000000707a00000| Untracked |  0
|  62|0x0000000707c00000, 0x0000000707c00000, 0x0000000707e00000|  0%| F|  |TAMS 0x0000000707c00000| PB 0x0000000707c00000| Untracked |  0
|  63|0x0000000707e00000, 0x0000000707e00000, 0x0000000708000000|  0%| F|  |TAMS 0x0000000707e00000| PB 0x0000000707e00000| Untracked |  0
|  64|0x0000000708000000, 0x0000000708000000, 0x0000000708200000|  0%| F|  |TAMS 0x0000000708000000| PB 0x0000000708000000| Untracked |  0
|  65|0x0000000708200000, 0x0000000708200000, 0x0000000708400000|  0%| F|  |TAMS 0x0000000708200000| PB 0x0000000708200000| Untracked |  0
|  66|0x0000000708400000, 0x0000000708400000, 0x0000000708600000|  0%| F|  |TAMS 0x0000000708400000| PB 0x0000000708400000| Untracked |  0
|  67|0x0000000708600000, 0x0000000708600000, 0x0000000708800000|  0%| F|  |TAMS 0x0000000708600000| PB 0x0000000708600000| Untracked |  0
|  68|0x0000000708800000, 0x0000000708800000, 0x0000000708a00000|  0%| F|  |TAMS 0x0000000708800000| PB 0x0000000708800000| Untracked |  0
|  69|0x0000000708a00000, 0x0000000708a00000, 0x0000000708c00000|  0%| F|  |TAMS 0x0000000708a00000| PB 0x0000000708a00000| Untracked |  0
|  70|0x0000000708c00000, 0x0000000708c00000, 0x0000000708e00000|  0%| F|  |TAMS 0x0000000708c00000| PB 0x0000000708c00000| Untracked |  0
|  71|0x0000000708e00000, 0x0000000708e00000, 0x0000000709000000|  0%| F|  |TAMS 0x0000000708e00000| PB 0x0000000708e00000| Untracked |  0
|  72|0x0000000709000000, 0x0000000709000000, 0x0000000709200000|  0%| F|  |TAMS 0x0000000709000000| PB 0x0000000709000000| Untracked |  0
|  73|0x0000000709200000, 0x0000000709200000, 0x0000000709400000|  0%| F|  |TAMS 0x0000000709200000| PB 0x0000000709200000| Untracked |  0
|  74|0x0000000709400000, 0x0000000709400000, 0x0000000709600000|  0%| F|  |TAMS 0x0000000709400000| PB 0x0000000709400000| Untracked |  0
|  75|0x0000000709600000, 0x0000000709600000, 0x0000000709800000|  0%| F|  |TAMS 0x0000000709600000| PB 0x0000000709600000| Untracked |  0
|  76|0x0000000709800000, 0x0000000709800000, 0x0000000709a00000|  0%| F|  |TAMS 0x0000000709800000| PB 0x0000000709800000| Untracked |  0
|  77|0x0000000709a00000, 0x0000000709a00000, 0x0000000709c00000|  0%| F|  |TAMS 0x0000000709a00000| PB 0x0000000709a00000| Untracked |  0
|  78|0x0000000709c00000, 0x0000000709c00000, 0x0000000709e00000|  0%| F|  |TAMS 0x0000000709c00000| PB 0x0000000709c00000| Untracked |  0
|  79|0x0000000709e00000, 0x0000000709e00000, 0x000000070a000000|  0%| F|  |TAMS 0x0000000709e00000| PB 0x0000000709e00000| Untracked |  0
|  80|0x000000070a000000, 0x000000070a000000, 0x000000070a200000|  0%| F|  |TAMS 0x000000070a000000| PB 0x000000070a000000| Untracked |  0
|  81|0x000000070a200000, 0x000000070a200000, 0x000000070a400000|  0%| F|  |TAMS 0x000000070a200000| PB 0x000000070a200000| Untracked |  0
|  82|0x000000070a400000, 0x000000070a400000, 0x000000070a600000|  0%| F|  |TAMS 0x000000070a400000| PB 0x000000070a400000| Untracked |  0
|  83|0x000000070a600000, 0x000000070a600000, 0x000000070a800000|  0%| F|  |TAMS 0x000000070a600000| PB 0x000000070a600000| Untracked |  0
|  84|0x000000070a800000, 0x000000070a800000, 0x000000070aa00000|  0%| F|  |TAMS 0x000000070a800000| PB 0x000000070a800000| Untracked |  0
|  85|0x000000070aa00000, 0x000000070aa00000, 0x000000070ac00000|  0%| F|  |TAMS 0x000000070aa00000| PB 0x000000070aa00000| Untracked |  0
|  86|0x000000070ac00000, 0x000000070ac00000, 0x000000070ae00000|  0%| F|  |TAMS 0x000000070ac00000| PB 0x000000070ac00000| Untracked |  0
|  87|0x000000070ae00000, 0x000000070ae00000, 0x000000070b000000|  0%| F|  |TAMS 0x000000070ae00000| PB 0x000000070ae00000| Untracked |  0
|  88|0x000000070b000000, 0x000000070b000000, 0x000000070b200000|  0%| F|  |TAMS 0x000000070b000000| PB 0x000000070b000000| Untracked |  0
|  89|0x000000070b200000, 0x000000070b200000, 0x000000070b400000|  0%| F|  |TAMS 0x000000070b200000| PB 0x000000070b200000| Untracked |  0
|  90|0x000000070b400000, 0x000000070b400000, 0x000000070b600000|  0%| F|  |TAMS 0x000000070b400000| PB 0x000000070b400000| Untracked |  0
|  91|0x000000070b600000, 0x000000070b600000, 0x000000070b800000|  0%| F|  |TAMS 0x000000070b600000| PB 0x000000070b600000| Untracked |  0
|  92|0x000000070b800000, 0x000000070b800000, 0x000000070ba00000|  0%| F|  |TAMS 0x000000070b800000| PB 0x000000070b800000| Untracked |  0
|  93|0x000000070ba00000, 0x000000070ba00000, 0x000000070bc00000|  0%| F|  |TAMS 0x000000070ba00000| PB 0x000000070ba00000| Untracked |  0
|  94|0x000000070bc00000, 0x000000070bc00000, 0x000000070be00000|  0%| F|  |TAMS 0x000000070bc00000| PB 0x000000070bc00000| Untracked |  0
|  95|0x000000070be00000, 0x000000070be00000, 0x000000070c000000|  0%| F|  |TAMS 0x000000070be00000| PB 0x000000070be00000| Untracked |  0
|  96|0x000000070c000000, 0x000000070c000000, 0x000000070c200000|  0%| F|  |TAMS 0x000000070c000000| PB 0x000000070c000000| Untracked |  0
|  97|0x000000070c200000, 0x000000070c200000, 0x000000070c400000|  0%| F|  |TAMS 0x000000070c200000| PB 0x000000070c200000| Untracked |  0
|  98|0x000000070c400000, 0x000000070c400000, 0x000000070c600000|  0%| F|  |TAMS 0x000000070c400000| PB 0x000000070c400000| Untracked |  0
|  99|0x000000070c600000, 0x000000070c600000, 0x000000070c800000|  0%| F|  |TAMS 0x000000070c600000| PB 0x000000070c600000| Untracked |  0
| 100|0x000000070c800000, 0x000000070c800000, 0x000000070ca00000|  0%| F|  |TAMS 0x000000070c800000| PB 0x000000070c800000| Untracked |  0
| 101|0x000000070ca00000, 0x000000070ca00000, 0x000000070cc00000|  0%| F|  |TAMS 0x000000070ca00000| PB 0x000000070ca00000| Untracked |  0
| 102|0x000000070cc00000, 0x000000070cc00000, 0x000000070ce00000|  0%| F|  |TAMS 0x000000070cc00000| PB 0x000000070cc00000| Untracked |  0
| 103|0x000000070ce00000, 0x000000070ce00000, 0x000000070d000000|  0%| F|  |TAMS 0x000000070ce00000| PB 0x000000070ce00000| Untracked |  0
| 104|0x000000070d000000, 0x000000070d000000, 0x000000070d200000|  0%| F|  |TAMS 0x000000070d000000| PB 0x000000070d000000| Untracked |  0
| 105|0x000000070d200000, 0x000000070d200000, 0x000000070d400000|  0%| F|  |TAMS 0x000000070d200000| PB 0x000000070d200000| Untracked |  0
| 106|0x000000070d400000, 0x000000070d400000, 0x000000070d600000|  0%| F|  |TAMS 0x000000070d400000| PB 0x000000070d400000| Untracked |  0
| 107|0x000000070d600000, 0x000000070d600000, 0x000000070d800000|  0%| F|  |TAMS 0x000000070d600000| PB 0x000000070d600000| Untracked |  0
| 108|0x000000070d800000, 0x000000070d800000, 0x000000070da00000|  0%| F|  |TAMS 0x000000070d800000| PB 0x000000070d800000| Untracked |  0
| 109|0x000000070da00000, 0x000000070da00000, 0x000000070dc00000|  0%| F|  |TAMS 0x000000070da00000| PB 0x000000070da00000| Untracked |  0
| 110|0x000000070dc00000, 0x000000070dc00000, 0x000000070de00000|  0%| F|  |TAMS 0x000000070dc00000| PB 0x000000070dc00000| Untracked |  0
| 111|0x000000070de00000, 0x000000070de00000, 0x000000070e000000|  0%| F|  |TAMS 0x000000070de00000| PB 0x000000070de00000| Untracked |  0
| 112|0x000000070e000000, 0x000000070e000000, 0x000000070e200000|  0%| F|  |TAMS 0x000000070e000000| PB 0x000000070e000000| Untracked |  0
| 113|0x000000070e200000, 0x000000070e200000, 0x000000070e400000|  0%| F|  |TAMS 0x000000070e200000| PB 0x000000070e200000| Untracked |  0
| 114|0x000000070e400000, 0x000000070e400000, 0x000000070e600000|  0%| F|  |TAMS 0x000000070e400000| PB 0x000000070e400000| Untracked |  0
| 115|0x000000070e600000, 0x000000070e600000, 0x000000070e800000|  0%| F|  |TAMS 0x000000070e600000| PB 0x000000070e600000| Untracked |  0
| 116|0x000000070e800000, 0x000000070e800000, 0x000000070ea00000|  0%| F|  |TAMS 0x000000070e800000| PB 0x000000070e800000| Untracked |  0
| 117|0x000000070ea00000, 0x000000070ea00000, 0x000000070ec00000|  0%| F|  |TAMS 0x000000070ea00000| PB 0x000000070ea00000| Untracked |  0
| 118|0x000000070ec00000, 0x000000070ec00000, 0x000000070ee00000|  0%| F|  |TAMS 0x000000070ec00000| PB 0x000000070ec00000| Untracked |  0
| 119|0x000000070ee00000, 0x000000070ee00000, 0x000000070f000000|  0%| F|  |TAMS 0x000000070ee00000| PB 0x000000070ee00000| Untracked |  0
| 120|0x000000070f000000, 0x000000070f000000, 0x000000070f200000|  0%| F|  |TAMS 0x000000070f000000| PB 0x000000070f000000| Untracked |  0
| 121|0x000000070f200000, 0x000000070f200000, 0x000000070f400000|  0%| F|  |TAMS 0x000000070f200000| PB 0x000000070f200000| Untracked |  0
| 122|0x000000070f400000, 0x000000070f400000, 0x000000070f600000|  0%| F|  |TAMS 0x000000070f400000| PB 0x000000070f400000| Untracked |  0
| 123|0x000000070f600000, 0x000000070f800000, 0x000000070f800000|100%| E|  |TAMS 0x000000070f600000| PB 0x000000070f600000| Complete |  0
| 124|0x000000070f800000, 0x000000070fa00000, 0x000000070fa00000|100%| E|CS|TAMS 0x000000070f800000| PB 0x000000070f800000| Complete |  0
| 125|0x000000070fa00000, 0x000000070fc00000, 0x000000070fc00000|100%| E|CS|TAMS 0x000000070fa00000| PB 0x000000070fa00000| Complete |  0
| 126|0x000000070fc00000, 0x000000070fe00000, 0x000000070fe00000|100%| E|CS|TAMS 0x000000070fc00000| PB 0x000000070fc00000| Complete |  0
| 127|0x000000070fe00000, 0x0000000710000000, 0x0000000710000000|100%| E|CS|TAMS 0x000000070fe00000| PB 0x000000070fe00000| Complete |  0
|2047|0x00000007ffe00000, 0x00000007fff206a0, 0x0000000800000000| 56%| O|  |TAMS 0x00000007ffe00000| PB 0x00000007ffe00000| Untracked |  0

Card table byte_map: [0x00000001082f4000,0x0000000108af4000] _byte_map_base: 0x0000000104af4000

Marking Bits: (CMBitMap*) 0x00007ff517808210
 Bits: [0x0000000109eb8000, 0x000000010deb8000)

Polling page: 0x0000000107825000

Metaspace:
Metaspace        used 8799K, committed 9024K, reserved 1114112K
 class space     used 893K, committed 960K, reserved 1048576K

Usage:
  Non-class:      7.72 MB used.
      Class:    893.46 KB used.
       Both:      8.59 MB used.

Virtual space:
  Non-class space:       64.00 MB reserved,       7.88 MB ( 12%) committed,  1 nodes.
      Class space:        1.00 GB reserved,     960.00 KB ( <1%) committed,  1 nodes.
             Both:        1.06 GB reserved,       8.81 MB ( <1%) committed. 

Chunk freelists:
   Non-Class:  8.11 MB
       Class:  15.09 MB
        Both:  23.20 MB

MaxMetaspaceSize: unlimited
CompressedClassSpaceSize: 1.00 GB
Initial GC threshold: 21.00 MB
Current GC threshold: 21.00 MB
CDS: on
 - commit_granule_bytes: 65536.
 - commit_granule_words: 8192.
 - virtual_space_node_default_size: 8388608.
 - enlarge_chunks_in_place: 1.
UseCompressedClassPointers 1, UseCompactObjectHeaders 0
Narrow klass pointer bits 32, Max shift 3
Narrow klass base: 0x000000012a000000, Narrow klass shift: 0
Encoding Range: [0x000000012a000000 - 0x000000022a000000), (4294967296 bytes)
Klass Range:    [0x000000012a004000 - 0x000000016b000000), (1090502656 bytes)
Klass ID Range:  [16384 - 1090519033) (1090502649)
Protection zone: [0x000000012a000000 - 0x000000012a004000), (16384 bytes)


Internal statistics:

num_allocs_failed_limit: 0.
num_arena_births: 132.
num_arena_deaths: 0.
num_vsnodes_births: 2.
num_vsnodes_deaths: 0.
num_space_committed: 141.
num_space_uncommitted: 0.
num_chunks_returned_to_freelist: 0.
num_chunks_taken_from_freelist: 163.
num_chunk_merges: 0.
num_chunk_splits: 106.
num_chunks_enlarged: 66.
num_inconsistent_stats: 0.

CodeHeap 'non-profiled nmethods': size=120032Kb used=1559Kb max_used=1559Kb free=118472Kb
 bounds [0x0000000121c26000, 0x0000000121e96000, 0x000000012915e000]
CodeHeap 'profiled nmethods': size=120028Kb used=3172Kb max_used=3172Kb free=116855Kb
 bounds [0x000000011a15e000, 0x000000011a47e000, 0x0000000121695000]
CodeHeap 'non-nmethods': size=5700Kb used=1650Kb max_used=1726Kb free=4049Kb
 bounds [0x0000000121695000, 0x0000000121905000, 0x0000000121c26000]
CodeCache: size=245760Kb, used=6381Kb, max_used=6457Kb, free=239376Kb
 total_blobs=3025, nmethods=2334, adapters=595, full_count=0
Compilation: enabled, stopped_count=0, restarted_count=0

Compilation events (20 events):
Event: 6964.072 Thread 0x00007ff519009000 2325       3       java.util.concurrent.locks.AbstractQueuedSynchronizer$Node::getAndUnsetStatus (14 bytes)
Event: 6964.074 Thread 0x00007ff519009000 nmethod 2325 0x000000011a470d08 code [0x000000011a470e00, 0x000000011a471198]
Event: 7049.470 Thread 0x00007ff51685f000 2326       4       java.util.concurrent.locks.AbstractQueuedSynchronizer$Node::getAndUnsetStatus (14 bytes)
Event: 7049.479 Thread 0x00007ff51685f000 nmethod 2326 0x0000000121da9888 code [0x0000000121da9980, 0x0000000121da9a40]
Event: 7647.017 Thread 0x00007ff519009000 2327   !   3       java.util.concurrent.locks.AbstractQueuedSynchronizer::acquire (448 bytes)
Event: 7647.041 Thread 0x00007ff519009000 nmethod 2327 0x000000011a471208 code [0x000000011a471300, 0x000000011a4730c8]
Event: 7655.420 Thread 0x00007ff519009000 2328 %s!   3       sun.java2d.metal.MTLRenderQueue$QueueFlusher::run @ 2 (234 bytes)
Event: 7655.430 Thread 0x00007ff519009000 nmethod 2328% 0x000000011a473108 code [0x000000011a473200, 0x000000011a475bd0]
Event: 7675.676 Thread 0x00007ff51685f000 2329   !   4       java.util.concurrent.locks.AbstractQueuedSynchronizer::acquire (448 bytes)
Event: 7675.718 Thread 0x00007ff51685f000 nmethod 2329 0x0000000121da9b88 code [0x0000000121da9c80, 0x0000000121daaf58]
Event: 8074.625 Thread 0x00007ff51685f000 2330 %s!   4       sun.java2d.metal.MTLRenderQueue$QueueFlusher::run @ 2 (234 bytes)
Event: 8074.650 Thread 0x00007ff51685f000 nmethod 2330% 0x0000000121daaf88 code [0x0000000121dab080, 0x0000000121dabdd8]
Event: 15301.056 Thread 0x00007ff519009000 2331  s    3       jdk.internal.ref.CleanerImpl$CleanableList::isEmpty (16 bytes)
Event: 15301.059 Thread 0x00007ff519009000 nmethod 2331 0x000000011a475c08 code [0x000000011a475d00, 0x000000011a475fa8]
Event: 15301.060 Thread 0x00007ff519009000 2332       3       jdk.internal.misc.InnocuousThread::eraseThreadLocals (23 bytes)
Event: 15301.062 Thread 0x00007ff519009000 nmethod 2332 0x000000011a476008 code [0x000000011a476100, 0x000000011a4762e8]
Event: 15301.062 Thread 0x00007ff519009000 2333   !   3       java.lang.ref.ReferenceQueue::remove (49 bytes)
Event: 15301.066 Thread 0x00007ff519009000 nmethod 2333 0x000000011a476308 code [0x000000011a476400, 0x000000011a476da0]
Event: 22981.560 Thread 0x00007ff519009000 2334       3       java.lang.ref.ReferenceQueue::remove0 (67 bytes)
Event: 22981.566 Thread 0x00007ff519009000 nmethod 2334 0x000000011a476e08 code [0x000000011a476f00, 0x000000011a477340]

GC Heap Usage History (20 events):
Event: 56333.062 {heap Before GC invocations=110 (full 0):
 garbage-first heap   total reserved 4194304K, committed 264192K, used 157503K [0x0000000700000000, 0x0000000800000000)
  region size 2048K, 76 young (155648K), 1 survivors (2048K)
}
Event: 56333.062 {heap After GC invocations=111 (full 0):
 garbage-first heap   total reserved 4194304K, committed 264192K, used 3901K [0x0000000700000000, 0x0000000800000000)
  region size 2048K, 1 young (2048K), 1 survivors (2048K)
}
Event: 56876.326 {heap Before GC invocations=111 (full 0):
 garbage-first heap   total reserved 4194304K, committed 264192K, used 157501K [0x0000000700000000, 0x0000000800000000)
  region size 2048K, 76 young (155648K), 1 survivors (2048K)
}
Event: 56876.326 {heap After GC invocations=112 (full 0):
 garbage-first heap   total reserved 4194304K, committed 264192K, used 3903K [0x0000000700000000, 0x0000000800000000)
  region size 2048K, 1 young (2048K), 1 survivors (2048K)
}
Event: 57418.082 {heap Before GC invocations=112 (full 0):
 garbage-first heap   total reserved 4194304K, committed 264192K, used 157503K [0x0000000700000000, 0x0000000800000000)
  region size 2048K, 76 young (155648K), 1 survivors (2048K)
}
Event: 57418.084 {heap After GC invocations=113 (full 0):
 garbage-first heap   total reserved 4194304K, committed 264192K, used 3897K [0x0000000700000000, 0x0000000800000000)
  region size 2048K, 1 young (2048K), 1 survivors (2048K)
}
Event: 57959.931 {heap Before GC invocations=113 (full 0):
 garbage-first heap   total reserved 4194304K, committed 264192K, used 157497K [0x0000000700000000, 0x0000000800000000)
  region size 2048K, 76 young (155648K), 1 survivors (2048K)
}
Event: 57959.932 {heap After GC invocations=114 (full 0):
 garbage-first heap   total reserved 4194304K, committed 264192K, used 3899K [0x0000000700000000, 0x0000000800000000)
  region size 2048K, 1 young (2048K), 1 survivors (2048K)
}
Event: 58500.968 {heap Before GC invocations=114 (full 0):
 garbage-first heap   total reserved 4194304K, committed 264192K, used 157499K [0x0000000700000000, 0x0000000800000000)
  region size 2048K, 76 young (155648K), 1 survivors (2048K)
}
Event: 58500.968 {heap After GC invocations=115 (full 0):
 garbage-first heap   total reserved 4194304K, committed 264192K, used 3901K [0x0000000700000000, 0x0000000800000000)
  region size 2048K, 1 young (2048K), 1 survivors (2048K)
}
Event: 59043.621 {heap Before GC invocations=115 (full 0):
 garbage-first heap   total reserved 4194304K, committed 264192K, used 157501K [0x0000000700000000, 0x0000000800000000)
  region size 2048K, 76 young (155648K), 1 survivors (2048K)
}
Event: 59043.623 {heap After GC invocations=116 (full 0):
 garbage-first heap   total reserved 4194304K, committed 264192K, used 3901K [0x0000000700000000, 0x0000000800000000)
  region size 2048K, 1 young (2048K), 1 survivors (2048K)
}
Event: 59587.221 {heap Before GC invocations=116 (full 0):
 garbage-first heap   total reserved 4194304K, committed 264192K, used 157501K [0x0000000700000000, 0x0000000800000000)
  region size 2048K, 76 young (155648K), 1 survivors (2048K)
}
Event: 59587.222 {heap After GC invocations=117 (full 0):
 garbage-first heap   total reserved 4194304K, committed 264192K, used 3903K [0x0000000700000000, 0x0000000800000000)
  region size 2048K, 1 young (2048K), 1 survivors (2048K)
}
Event: 60128.280 {heap Before GC invocations=117 (full 0):
 garbage-first heap   total reserved 4194304K, committed 264192K, used 157503K [0x0000000700000000, 0x0000000800000000)
  region size 2048K, 76 young (155648K), 1 survivors (2048K)
}
Event: 60128.281 {heap After GC invocations=118 (full 0):
 garbage-first heap   total reserved 4194304K, committed 264192K, used 3903K [0x0000000700000000, 0x0000000800000000)
  region size 2048K, 1 young (2048K), 1 survivors (2048K)
}
Event: 60671.417 {heap Before GC invocations=118 (full 0):
 garbage-first heap   total reserved 4194304K, committed 264192K, used 157503K [0x0000000700000000, 0x0000000800000000)
  region size 2048K, 76 young (155648K), 1 survivors (2048K)
}
Event: 60671.417 {heap After GC invocations=119 (full 0):
 garbage-first heap   total reserved 4194304K, committed 264192K, used 3903K [0x0000000700000000, 0x0000000800000000)
  region size 2048K, 1 young (2048K), 1 survivors (2048K)
}
Event: 61214.451 {heap Before GC invocations=119 (full 0):
 garbage-first heap   total reserved 4194304K, committed 264192K, used 157503K [0x0000000700000000, 0x0000000800000000)
  region size 2048K, 76 young (155648K), 1 survivors (2048K)
}
Event: 61214.451 {heap After GC invocations=120 (full 0):
 garbage-first heap   total reserved 4194304K, committed 264192K, used 3903K [0x0000000700000000, 0x0000000800000000)
  region size 2048K, 1 young (2048K), 1 survivors (2048K)
}

Metaspace Usage History (20 events):
Event: 56333.062 {metaspace Before GC invocations=110 (full 0):
 Metaspace       used 8799K, committed 9024K, reserved 1114112K
  class space    used 893K, committed 960K, reserved 1048576K
}
Event: 56333.062 {metaspace After GC invocations=111 (full 0):
 Metaspace       used 8799K, committed 9024K, reserved 1114112K
  class space    used 893K, committed 960K, reserved 1048576K
}
Event: 56876.326 {metaspace Before GC invocations=111 (full 0):
 Metaspace       used 8799K, committed 9024K, reserved 1114112K
  class space    used 893K, committed 960K, reserved 1048576K
}
Event: 56876.326 {metaspace After GC invocations=112 (full 0):
 Metaspace       used 8799K, committed 9024K, reserved 1114112K
  class space    used 893K, committed 960K, reserved 1048576K
}
Event: 57418.082 {metaspace Before GC invocations=112 (full 0):
 Metaspace       used 8799K, committed 9024K, reserved 1114112K
  class space    used 893K, committed 960K, reserved 1048576K
}
Event: 57418.084 {metaspace After GC invocations=113 (full 0):
 Metaspace       used 8799K, committed 9024K, reserved 1114112K
  class space    used 893K, committed 960K, reserved 1048576K
}
Event: 57959.931 {metaspace Before GC invocations=113 (full 0):
 Metaspace       used 8799K, committed 9024K, reserved 1114112K
  class space    used 893K, committed 960K, reserved 1048576K
}
Event: 57959.932 {metaspace After GC invocations=114 (full 0):
 Metaspace       used 8799K, committed 9024K, reserved 1114112K
  class space    used 893K, committed 960K, reserved 1048576K
}
Event: 58500.968 {metaspace Before GC invocations=114 (full 0):
 Metaspace       used 8799K, committed 9024K, reserved 1114112K
  class space    used 893K, committed 960K, reserved 1048576K
}
Event: 58500.968 {metaspace After GC invocations=115 (full 0):
 Metaspace       used 8799K, committed 9024K, reserved 1114112K
  class space    used 893K, committed 960K, reserved 1048576K
}
Event: 59043.621 {metaspace Before GC invocations=115 (full 0):
 Metaspace       used 8799K, committed 9024K, reserved 1114112K
  class space    used 893K, committed 960K, reserved 1048576K
}
Event: 59043.623 {metaspace After GC invocations=116 (full 0):
 Metaspace       used 8799K, committed 9024K, reserved 1114112K
  class space    used 893K, committed 960K, reserved 1048576K
}
Event: 59587.221 {metaspace Before GC invocations=116 (full 0):
 Metaspace       used 8799K, committed 9024K, reserved 1114112K
  class space    used 893K, committed 960K, reserved 1048576K
}
Event: 59587.222 {metaspace After GC invocations=117 (full 0):
 Metaspace       used 8799K, committed 9024K, reserved 1114112K
  class space    used 893K, committed 960K, reserved 1048576K
}
Event: 60128.280 {metaspace Before GC invocations=117 (full 0):
 Metaspace       used 8799K, committed 9024K, reserved 1114112K
  class space    used 893K, committed 960K, reserved 1048576K
}
Event: 60128.281 {metaspace After GC invocations=118 (full 0):
 Metaspace       used 8799K, committed 9024K, reserved 1114112K
  class space    used 893K, committed 960K, reserved 1048576K
}
Event: 60671.417 {metaspace Before GC invocations=118 (full 0):
 Metaspace       used 8799K, committed 9024K, reserved 1114112K
  class space    used 893K, committed 960K, reserved 1048576K
}
Event: 60671.417 {metaspace After GC invocations=119 (full 0):
 Metaspace       used 8799K, committed 9024K, reserved 1114112K
  class space    used 893K, committed 960K, reserved 1048576K
}
Event: 61214.451 {metaspace Before GC invocations=119 (full 0):
 Metaspace       used 8799K, committed 9024K, reserved 1114112K
  class space    used 893K, committed 960K, reserved 1048576K
}
Event: 61214.451 {metaspace After GC invocations=120 (full 0):
 Metaspace       used 8799K, committed 9024K, reserved 1114112K
  class space    used 893K, committed 960K, reserved 1048576K
}

Dll operation events (12 events):
Event: 0.008 Loaded shared library /Library/Java/JavaVirtualMachines/jdk-25.jdk/Contents/Home/lib/libjava.dylib
Event: 0.054 Loaded shared library /Library/Java/JavaVirtualMachines/jdk-25.jdk/Contents/Home/lib/libzip.dylib
Event: 0.055 Loaded shared library /Library/Java/JavaVirtualMachines/jdk-25.jdk/Contents/Home/lib/libinstrument.dylib
Event: 0.061 Loaded shared library /Library/Java/JavaVirtualMachines/jdk-25.jdk/Contents/Home/lib/libnio.dylib
Event: 0.068 Loaded shared library /Library/Java/JavaVirtualMachines/jdk-25.jdk/Contents/Home/lib/libzip.dylib
Event: 0.084 Loaded shared library /Library/Java/JavaVirtualMachines/jdk-25.jdk/Contents/Home/lib/libnet.dylib
Event: 0.089 Loaded shared library /Library/Java/JavaVirtualMachines/jdk-25.jdk/Contents/Home/lib/libjimage.dylib
Event: 0.264 Loaded shared library /Library/Java/JavaVirtualMachines/jdk-25.jdk/Contents/Home/lib/libawt.dylib
Event: 0.265 Loaded shared library /Library/Java/JavaVirtualMachines/jdk-25.jdk/Contents/Home/lib/libextnet.dylib
Event: 0.414 Loaded shared library /Library/Java/JavaVirtualMachines/jdk-25.jdk/Contents/Home/lib/libawt_lwawt.dylib
Event: 0.606 Loaded shared library /Library/Java/JavaVirtualMachines/jdk-25.jdk/Contents/Home/lib/libfontmanager.dylib
Event: 2.583 Loaded shared library /Library/Java/JavaVirtualMachines/jdk-25.jdk/Contents/Home/lib/libosxui.dylib

Deoptimization events (20 events):
Event: 2409.603 Thread 0x00007ff518931600 Uncommon trap: trap_request=0xffffff45 fr.pc=0x0000000121da2edc relative=0x00000000000002dc
Event: 2409.604 Thread 0x00007ff518931600 Uncommon trap: reason=unstable_if action=reinterpret pc=0x0000000121da2edc method=sun.java2d.metal.MTLRenderQueue$QueueFlusher.run()V @ 22 c2
Event: 2409.604 Thread 0x00007ff518931600 DEOPT PACKING pc=0x0000000121da2edc sp=0x0000700003d06a50
Event: 2409.604 Thread 0x00007ff518931600 DEOPT UNPACKING pc=0x00000001217b61f9 sp=0x0000700003d06a08 mode 2
Event: 2938.810 Thread 0x00007ff518931600 DEOPT PACKING pc=0x000000011a470344 sp=0x0000700003d069a0
Event: 2938.810 Thread 0x00007ff518931600 DEOPT UNPACKING pc=0x00000001216e5fef sp=0x0000700003d05f00 mode 0
Event: 6961.796 Thread 0x00007ff51880f000 Uncommon trap: trap_request=0xffffff45 fr.pc=0x0000000121cf9f78 relative=0x0000000000000078
Event: 6961.796 Thread 0x00007ff51880f000 Uncommon trap: reason=unstable_if action=reinterpret pc=0x0000000121cf9f78 method=jdk.internal.misc.Unsafe.getAndBitwiseAndInt(Ljava/lang/Object;JI)I @ 21 c2
Event: 6961.798 Thread 0x00007ff51880f000 DEOPT PACKING pc=0x0000000121cf9f78 sp=0x0000700003c035a0
Event: 6961.798 Thread 0x00007ff51880f000 DEOPT UNPACKING pc=0x00000001217b61f9 sp=0x0000700003c034c8 mode 2
Event: 7646.274 Thread 0x00007ff51880f800 Uncommon trap: trap_request=0xffffff45 fr.pc=0x0000000121da167c relative=0x000000000000067c
Event: 7646.274 Thread 0x00007ff51880f800 Uncommon trap: reason=unstable_if action=reinterpret pc=0x0000000121da167c method=java.util.concurrent.locks.AbstractQueuedSynchronizer.acquire(Ljava/util/concurrent/locks/AbstractQueuedSynchronizer$Node;IZZZJ)I @ 49 c2
Event: 7646.275 Thread 0x00007ff51880f800 DEOPT PACKING pc=0x0000000121da167c sp=0x00007ff7b87f3db0
Event: 7646.275 Thread 0x00007ff51880f800 DEOPT UNPACKING pc=0x00000001217b61f9 sp=0x00007ff7b87f3d10 mode 2
Event: 7646.284 Thread 0x00007ff518931600 Uncommon trap: trap_request=0xffffff45 fr.pc=0x0000000121da915c relative=0x00000000000004dc
Event: 7646.286 Thread 0x00007ff518931600 Uncommon trap: reason=unstable_if action=reinterpret pc=0x0000000121da915c method=sun.java2d.metal.MTLRenderQueue$QueueFlusher.run()V @ 101 c2
Event: 7646.286 Thread 0x00007ff518931600 DEOPT PACKING pc=0x0000000121da915c sp=0x0000700003d06a50
Event: 7646.286 Thread 0x00007ff518931600 DEOPT UNPACKING pc=0x00000001217b61f9 sp=0x0000700003d06a08 mode 2
Event: 8148.351 Thread 0x00007ff518931600 DEOPT PACKING pc=0x000000011a475823 sp=0x0000700003d069a0
Event: 8148.351 Thread 0x00007ff518931600 DEOPT UNPACKING pc=0x00000001216e5fef sp=0x0000700003d05f00 mode 0

Classes loaded (20 events):
Event: 26.306 Loading class javax/swing/JMenu
Event: 26.308 Loading class javax/swing/MenuElement
Event: 26.308 Loading class javax/swing/MenuElement done
Event: 26.309 Loading class javax/swing/JMenuItem
Event: 26.311 Loading class javax/swing/AbstractButton
Event: 26.311 Loading class java/awt/ItemSelectable
Event: 26.312 Loading class java/awt/ItemSelectable done
Event: 26.312 Loading class javax/swing/AbstractButton done
Event: 26.312 Loading class javax/swing/JMenuItem done
Event: 26.312 Loading class javax/swing/JMenu done
Event: 104.432 Loading class java/util/concurrent/locks/AbstractQueuedLongSynchronizer$Node
Event: 104.432 Loading class java/util/concurrent/locks/AbstractQueuedLongSynchronizer$Node done
Event: 148.464 Loading class java/awt/image/BufferedImage
Event: 148.465 Loading class java/awt/image/WritableRenderedImage
Event: 148.465 Loading class java/awt/image/RenderedImage
Event: 148.466 Loading class java/awt/image/RenderedImage done
Event: 148.466 Loading class java/awt/image/WritableRenderedImage done
Event: 148.466 Loading class java/awt/image/BufferedImage done
Event: 148.466 Loading class java/awt/image/BufferedImageOp
Event: 148.466 Loading class java/awt/image/BufferedImageOp done

Classes unloaded (0 events):
No events

Classes redefined (0 events):
No events

Internal exceptions (20 events):
Event: 3.075 Thread 0x00007ff51880f000 Exception <a 'java/lang/NoSuchMethodError'{0x000000070f444af8}: 'long java.lang.invoke.DirectMethodHandle$Holder.invokeStaticInit(java.lang.Object, long, long, long, long)'> (0x000000070f444af8) 
thrown [open/src/hotspot/share/interpreter/linkResolver.cpp, line 804]
Event: 3.075 Thread 0x00007ff51880f000 Exception <a 'java/lang/NoSuchMethodError'{0x000000070f44d558}: 'java.lang.Object java.lang.invoke.DirectMethodHandle$Holder.invokeInterface(java.lang.Object, java.lang.Object, long, long)'> (0x000000070f44d558) 
thrown [open/src/hotspot/share/interpreter/linkResolver.cpp, line 804]
Event: 3.076 Thread 0x00007ff51880f000 Exception <a 'java/lang/NoSuchMethodError'{0x000000070f465f00}: 'void java.lang.invoke.DirectMethodHandle$Holder.invokeStaticInit(java.lang.Object, java.lang.Object, long, java.lang.Object)'> (0x000000070f465f00) 
thrown [open/src/hotspot/share/interpreter/linkResolver.cpp, line 804]
Event: 3.077 Thread 0x00007ff51880f000 Exception <a 'java/lang/NoSuchMethodError'{0x000000070f46eb38}: 'long java.lang.invoke.DirectMethodHandle$Holder.invokeStatic(java.lang.Object, long, long)'> (0x000000070f46eb38) 
thrown [open/src/hotspot/share/interpreter/linkResolver.cpp, line 804]
Event: 3.085 Thread 0x00007ff51880f000 Exception <a 'java/lang/ClassNotFoundException'{0x000000070f485e40}: com/sun/swing/internal/plaf/basic/resources/spi/basicProvider> (0x000000070f485e40) 
thrown [open/src/hotspot/share/classfile/systemDictionary.cpp, line 328]
Event: 3.103 Thread 0x00007ff51880f000 Exception <a 'java/lang/NoSuchMethodError'{0x000000070f4cf530}: 'int java.lang.invoke.Invokers$Holder.invokeExact_MT(java.lang.Object, java.lang.Object)'> (0x000000070f4cf530) 
thrown [open/src/hotspot/share/interpreter/linkResolver.cpp, line 804]
Event: 3.113 Thread 0x00007ff51880f000 Exception <a 'java/lang/NoSuchMethodError'{0x000000070f4fe358}: 'void java.lang.invoke.Invokers$Holder.invokeExact_MT(java.lang.Object, java.lang.Object, java.lang.Object, java.lang.Object)'> (0x000000070f4fe358) 
thrown [open/src/hotspot/share/interpreter/linkResolver.cpp, line 804]
Event: 3.119 Thread 0x00007ff51880f000 Exception <a 'java/lang/NoSuchMethodError'{0x000000070f517d38}: 'java.lang.Object java.lang.invoke.DirectMethodHandle$Holder.newInvokeSpecial(java.lang.Object, java.lang.Object, java.lang.Object, int, java.lang.Object)'> (0x000000070f517d38) 
thrown [open/src/hotspot/share/interpreter/linkResolver.cpp, line 804]
Event: 3.120 Thread 0x00007ff51880f000 Exception <a 'java/lang/NoSuchMethodError'{0x000000070f5285a0}: 'java.lang.Object java.lang.invoke.Invokers$Holder.linkToTargetMethod(java.lang.Object, java.lang.Object, int, java.lang.Object, java.lang.Object)'> (0x000000070f5285a0) 
thrown [open/src/hotspot/share/interpreter/linkResolver.cpp, line 804]
Event: 3.233 Thread 0x00007ff51880f000 Exception <a 'java/lang/NoSuchMethodError'{0x000000070f531048}: 'void java.lang.invoke.DirectMethodHandle$Holder.invokeStatic(java.lang.Object, int, long)'> (0x000000070f531048) 
thrown [open/src/hotspot/share/interpreter/linkResolver.cpp, line 804]
Event: 3.255 Thread 0x00007ff51880f000 Exception <a 'java/lang/NoSuchMethodError'{0x000000070f587370}: 'java.lang.Object java.lang.invoke.Invokers$Holder.linkToTargetMethod(int, int, int, int, java.lang.Object)'> (0x000000070f587370) 
thrown [open/src/hotspot/share/interpreter/linkResolver.cpp, line 804]
Event: 3.256 Thread 0x00007ff51880f000 Exception <a 'java/lang/NoSuchMethodError'{0x000000070f58f640}: 'void java.lang.invoke.DirectMethodHandle$Holder.invokeStatic(java.lang.Object, java.lang.Object, long)'> (0x000000070f58f640) 
thrown [open/src/hotspot/share/interpreter/linkResolver.cpp, line 804]
Event: 3.275 Thread 0x00007ff51880f800 Exception <a 'java/lang/NoSuchMethodError'{0x000000070f249330}: 'void java.lang.invoke.DirectMethodHandle$Holder.invokeSpecial(java.lang.Object, java.lang.Object, long)'> (0x000000070f249330) 
thrown [open/src/hotspot/share/interpreter/linkResolver.cpp, line 804]
Event: 3.361 Thread 0x00007ff51880f800 Exception <a 'java/lang/NoSuchMethodError'{0x000000070f274c08}: 'void java.lang.invoke.DirectMethodHandle$Holder.invokeStatic(java.lang.Object, long)'> (0x000000070f274c08) 
thrown [open/src/hotspot/share/interpreter/linkResolver.cpp, line 804]
Event: 3.363 Thread 0x00007ff51880f000 Exception <a 'java/lang/NoSuchMethodError'{0x000000070f5c6cc0}: 'void java.lang.invoke.DirectMethodHandle$Holder.invokeStatic(java.lang.Object, long, long)'> (0x000000070f5c6cc0) 
thrown [open/src/hotspot/share/interpreter/linkResolver.cpp, line 804]
Event: 3.363 Thread 0x00007ff51880f000 Exception <a 'java/lang/NoSuchMethodError'{0x000000070f5d5b58}: 'java.lang.Object java.lang.invoke.DirectMethodHandle$Holder.newInvokeSpecial(java.lang.Object, long)'> (0x000000070f5d5b58) 
thrown [open/src/hotspot/share/interpreter/linkResolver.cpp, line 804]
Event: 3.364 Thread 0x00007ff51880f000 Exception <a 'java/lang/NoSuchMethodError'{0x000000070f2fff30}: 'java.lang.Object java.lang.invoke.DirectMethodHandle$Holder.newInvokeSpecial(java.lang.Object, java.lang.Object, int)'> (0x000000070f2fff30) 
thrown [open/src/hotspot/share/interpreter/linkResolver.cpp, line 804]
Event: 3.474 Thread 0x00007ff51880f000 Exception <a 'java/lang/NoSuchMethodError'{0x000000070f3d1440}: 'java.lang.Object java.lang.invoke.DirectMethodHandle$Holder.newInvokeSpecial(java.lang.Object, int, java.lang.Object)'> (0x000000070f3d1440) 
thrown [open/src/hotspot/share/interpreter/linkResolver.cpp, line 804]
Event: 539.541 Thread 0x00007ff51880f000 Implicit null exception at 0x0000000121d68aa0 to 0x0000000121d68b15
Event: 1841.530 Thread 0x00007ff51880f000 Implicit null exception at 0x0000000121d72d0e to 0x0000000121d745c8

VM Operations (20 events):
Event: 60671.417 Executing safepoint VM operation: G1CollectForAllocation (G1 Evacuation Pause)
Event: 60671.417 Executing safepoint VM operation: G1CollectForAllocation (G1 Evacuation Pause) done
Event: 60722.399 Executing non-safepoint VM operation: HandshakeAllThreads (HandshakeForDeflation)
Event: 60722.401 Executing non-safepoint VM operation: HandshakeAllThreads (HandshakeForDeflation) done
Event: 60722.401 Executing non-safepoint VM operation: RendezvousGCThreads
Event: 60722.401 Executing non-safepoint VM operation: RendezvousGCThreads done
Event: 60842.657 Executing non-safepoint VM operation: HandshakeAllThreads (HandshakeForDeflation)
Event: 60842.657 Executing non-safepoint VM operation: HandshakeAllThreads (HandshakeForDeflation) done
Event: 60842.657 Executing non-safepoint VM operation: RendezvousGCThreads
Event: 60842.657 Executing non-safepoint VM operation: RendezvousGCThreads done
Event: 61082.997 Executing non-safepoint VM operation: HandshakeAllThreads (HandshakeForDeflation)
Event: 61082.997 Executing non-safepoint VM operation: HandshakeAllThreads (HandshakeForDeflation) done
Event: 61082.997 Executing non-safepoint VM operation: RendezvousGCThreads
Event: 61082.997 Executing non-safepoint VM operation: RendezvousGCThreads done
Event: 61143.060 Executing non-safepoint VM operation: HandshakeAllThreads (HandshakeForDeflation)
Event: 61143.063 Executing non-safepoint VM operation: HandshakeAllThreads (HandshakeForDeflation) done
Event: 61143.063 Executing non-safepoint VM operation: RendezvousGCThreads
Event: 61143.063 Executing non-safepoint VM operation: RendezvousGCThreads done
Event: 61214.451 Executing safepoint VM operation: G1CollectForAllocation (G1 Evacuation Pause)
Event: 61214.451 Executing safepoint VM operation: G1CollectForAllocation (G1 Evacuation Pause) done

Memory protections (20 events):
Event: 0.027 Protecting memory [0x0000700002c4e000,0x0000700002c52000] with protection modes 0
Event: 0.027 Protecting memory [0x0000700002d51000,0x0000700002d55000] with protection modes 0
Event: 0.027 Protecting memory [0x0000700002e54000,0x0000700002e58000] with protection modes 0
Event: 0.028 Protecting memory [0x0000700002f57000,0x0000700002f5b000] with protection modes 0
Event: 0.028 Protecting memory [0x000070000305a000,0x000070000305e000] with protection modes 0
Event: 0.028 Protecting memory [0x000070000315d000,0x0000700003161000] with protection modes 0
Event: 0.028 Protecting memory [0x0000700003260000,0x0000700003264000] with protection modes 0
Event: 0.057 Protecting memory [0x0000700003363000,0x0000700003367000] with protection modes 0
Event: 0.068 Protecting memory [0x0000700003466000,0x000070000346a000] with protection modes 0
Event: 0.082 Protecting memory [0x0000700003569000,0x000070000356d000] with protection modes 0
Event: 0.082 Protecting memory [0x000070000366c000,0x0000700003670000] with protection modes 0
Event: 0.266 Protecting memory [0x0000700003466000,0x000070000346a000] with protection modes 3
Event: 0.615 Protecting memory [0x00007ff7b7ff9000,0x00007ff7b7ffd000] with protection modes 0
Event: 1.052 Protecting memory [0x0000700003466000,0x000070000346a000] with protection modes 0
Event: 2.458 Protecting memory [0x0000700003b04000,0x0000700003b08000] with protection modes 0
Event: 2.459 Protecting memory [0x0000700002330000,0x0000700002334000] with protection modes 3
Event: 2.460 Protecting memory [0x0000700002330000,0x0000700002334000] with protection modes 0
Event: 2.847 Protecting memory [0x0000700003c07000,0x0000700003c0b000] with protection modes 0
Event: 3.081 Protecting memory [0x0000700003d0a000,0x0000700003d0e000] with protection modes 0
Event: 3.436 Protecting memory [0x0000700003e90000,0x0000700003e94000] with protection modes 0

Nmethod flushes (0 events):
No events

Events (20 events):
Event: 0.027 Thread 0x00007ff51880ce00 Thread added: 0x00007ff517819c00
Event: 0.027 Thread 0x00007ff51880ce00 Thread added: 0x00007ff51780f200
Event: 0.027 Thread 0x00007ff51880ce00 Thread added: 0x00007ff51680aa00
Event: 0.028 Thread 0x00007ff51880ce00 Thread added: 0x00007ff51780fa00
Event: 0.028 Thread 0x00007ff51880ce00 Thread added: 0x00007ff515808800
Event: 0.028 Thread 0x00007ff51880ce00 Thread added: 0x00007ff51685f000
Event: 0.028 Thread 0x00007ff51880ce00 Thread added: 0x00007ff519009000
Event: 0.057 Thread 0x00007ff51880ce00 Thread added: 0x00007ff519008200
Event: 0.068 Thread 0x00007ff51685f000 Thread added: 0x00007ff51685fa00
Event: 0.082 Thread 0x00007ff51880ce00 Thread added: 0x00007ff51880d600
Event: 0.082 Thread 0x00007ff51880ce00 Thread added: 0x00007ff51902c200
Event: 0.266 Thread 0x00007ff51685fa00 Thread exited: 0x00007ff51685fa00
Event: 0.615 Thread 0x00007ff51880f800 Thread added: 0x00007ff51880f800
Event: 1.052 Thread 0x00007ff51880f800 Thread added: 0x00007ff515ac3600
Event: 2.458 Thread 0x00007ff51880ce00 Thread added: 0x00007ff51880f000
Event: 2.459 Thread 0x00007ff51880ce00 Thread exited: 0x00007ff51880ce00
Event: 2.460 Thread 0x00007ff51680b200 Thread added: 0x00007ff51680b200
Event: 2.847 Thread 0x00007ff51880f000 Thread added: 0x00007ff518931600
Event: 3.081 Thread 0x00007ff51880f000 Thread added: 0x00007ff51896d600
Event: 3.436 Thread 0x00007ff51880f000 Thread added: 0x00007ff5178b8600


Dynamic libraries:
0x0000000107829000 	/Library/Java/JavaVirtualMachines/jdk-25.jdk/Contents/Home/lib/libjli.dylib
0x00007ff816fcc000 	/usr/lib/libz.1.dylib
0x00007ff8170ac000 	/usr/lib/libSystem.B.dylib
0x00007ff8170a7000 	/usr/lib/system/libcache.dylib
0x00007ff817063000 	/usr/lib/system/libcommonCrypto.dylib
0x00007ff81708c000 	/usr/lib/system/libcompiler_rt.dylib
0x00007ff817082000 	/usr/lib/system/libcopyfile.dylib
0x00007ff80c035000 	/usr/lib/system/libcorecrypto.dylib
0x00007ff80c0f3000 	/usr/lib/system/libdispatch.dylib
0x00007ff80c2b4000 	/usr/lib/system/libdyld.dylib
0x00007ff81709e000 	/usr/lib/system/libkeymgr.dylib
0x00007ff817041000 	/usr/lib/system/libmacho.dylib
0x00007ff8166c2000 	/usr/lib/system/libquarantine.dylib
0x00007ff81709c000 	/usr/lib/system/libremovefile.dylib
0x00007ff81124d000 	/usr/lib/system/libsystem_asl.dylib
0x00007ff80bfde000 	/usr/lib/system/libsystem_blocks.dylib
0x00007ff80c178000 	/usr/lib/system/libsystem_c.dylib
0x00007ff817094000 	/usr/lib/system/libsystem_collections.dylib
0x00007ff815976000 	/usr/lib/system/libsystem_configuration.dylib
0x00007ff814c1f000 	/usr/lib/system/libsystem_containermanager.dylib
0x00007ff816d79000 	/usr/lib/system/libsystem_coreservices.dylib
0x00007ff80e8eb000 	/usr/lib/system/libsystem_darwin.dylib
0x00007ff81709f000 	/usr/lib/system/libsystem_dnssd.dylib
0x00007ff80c175000 	/usr/lib/system/libsystem_featureflags.dylib
0x00007ff80c2ca000 	/usr/lib/system/libsystem_info.dylib
0x00007ff816fdf000 	/usr/lib/system/libsystem_m.dylib
0x00007ff80c0c7000 	/usr/lib/system/libsystem_malloc.dylib
0x00007ff8111e8000 	/usr/lib/system/libsystem_networkextension.dylib
0x00007ff80ed15000 	/usr/lib/system/libsystem_notify.dylib
0x00007ff81d323000 	/usr/lib/system/libsystem_product_info_filter.dylib
0x00007ff81597a000 	/usr/lib/system/libsystem_sandbox.dylib
0x00007ff817099000 	/usr/lib/system/libsystem_secinit.dylib
0x00007ff80c270000 	/usr/lib/system/libsystem_kernel.dylib
0x00007ff80c2c0000 	/usr/lib/system/libsystem_platform.dylib
0x00007ff80c2a8000 	/usr/lib/system/libsystem_pthread.dylib
0x00007ff812a9b000 	/usr/lib/system/libsystem_symptoms.dylib
0x00007ff80c01c000 	/usr/lib/system/libsystem_trace.dylib
0x00007ff81706f000 	/usr/lib/system/libunwind.dylib
0x00007ff80bfe0000 	/usr/lib/system/libxpc.dylib
0x00007ff80c25a000 	/usr/lib/libc++abi.dylib
0x00007ff80c13a000 	/usr/lib/libobjc.A.dylib
0x00007ff81707a000 	/usr/lib/liboah.dylib
0x00007ff80c201000 	/usr/lib/libc++.1.dylib
0x00007ff820de4000 	/System/Library/Frameworks/ApplicationServices.framework/Versions/A/ApplicationServices
0x00007ff81161c000 	/System/Library/Frameworks/CoreGraphics.framework/Versions/A/CoreGraphics
0x00007ff80d9da000 	/System/Library/Frameworks/CoreText.framework/Versions/A/CoreText
0x00007ff815334000 	/System/Library/Frameworks/ImageIO.framework/Versions/A/ImageIO
0x00007ff811ce8000 	/System/Library/Frameworks/ColorSync.framework/Versions/A/ColorSync
0x00007ff819e7d000 	/System/Library/Frameworks/ApplicationServices.framework/Versions/A/Frameworks/ATS.framework/Versions/A/ATS
0x00007ff81d450000 	/System/Library/Frameworks/CoreServices.framework/Versions/A/CoreServices
0x00007ff811de6000 	/System/Library/Frameworks/ApplicationServices.framework/Versions/A/Frameworks/HIServices.framework/Versions/A/HIServices
0x00007ff818d87000 	/System/Library/Frameworks/ApplicationServices.framework/Versions/A/Frameworks/PrintCore.framework/Versions/A/PrintCore
0x00007ff81a20b000 	/System/Library/Frameworks/ApplicationServices.framework/Versions/A/Frameworks/QD.framework/Versions/A/QD
0x00007ff81a203000 	/System/Library/Frameworks/ApplicationServices.framework/Versions/A/Frameworks/ColorSyncLegacy.framework/Versions/A/ColorSyncLegacy
0x00007ff819e6d000 	/System/Library/Frameworks/ApplicationServices.framework/Versions/A/Frameworks/SpeechSynthesis.framework/Versions/A/SpeechSynthesis
0x00007ff81127d000 	/System/Library/PrivateFrameworks/SkyLight.framework/Versions/A/SkyLight
0x00007ff814ebc000 	/System/Library/PrivateFrameworks/FontServices.framework/libFontParser.dylib
0x00007ff81d6e8000 	/System/Library/Frameworks/Accelerate.framework/Versions/A/Accelerate
0x00007ff814c3c000 	/System/Library/Frameworks/IOSurface.framework/Versions/A/IOSurface
0x00007ff813a6f000 	/usr/lib/libxml2.2.dylib
0x00007ff810d59000 	/System/Library/Frameworks/CFNetwork.framework/Versions/A/CFNetwork
0x00007ff80c2f5000 	/System/Library/Frameworks/CoreFoundation.framework/Versions/A/CoreFoundation
0x00007ff80d172000 	/System/Library/Frameworks/Foundation.framework/Versions/C/Foundation
0x00007ff8129cf000 	/System/Library/PrivateFrameworks/RunningBoardServices.framework/Versions/A/RunningBoardServices
0x00007ff811200000 	/usr/lib/libMobileGestalt.dylib
0x00007ff8236fb000 	/System/Library/PrivateFrameworks/IOSurfaceAccelerator.framework/Versions/A/IOSurfaceAccelerator
0x00007ff818681000 	/System/Library/PrivateFrameworks/WatchdogClient.framework/Versions/A/WatchdogClient
0x00007ff817336000 	/usr/lib/libcompression.dylib
0x00007ff812c89000 	/usr/lib/libDiagnosticMessagesClient.dylib
0x00007ff80ce84000 	/System/Library/Frameworks/SystemConfiguration.framework/Versions/A/SystemConfiguration
0x00007ff80d61d000 	/System/Library/Frameworks/CoreDisplay.framework/Versions/A/CoreDisplay
0x00007ff814dba000 	/System/Library/Frameworks/CoreMedia.framework/Versions/A/CoreMedia
0x00007ff814c4e000 	/System/Library/PrivateFrameworks/IOAccelerator.framework/Versions/A/IOAccelerator
0x00007ff80ec5b000 	/System/Library/Frameworks/IOKit.framework/Versions/A/IOKit
0x00007ff814c57000 	/System/Library/Frameworks/Metal.framework/Versions/A/Metal
0x00007ff813b53000 	/System/Library/Frameworks/CoreVideo.framework/Versions/A/CoreVideo
0x00007ff81732e000 	/System/Library/Frameworks/MetalPerformanceShaders.framework/Versions/A/MetalPerformanceShaders
0x00007ff818685000 	/System/Library/PrivateFrameworks/MultitouchSupport.framework/Versions/A/MultitouchSupport
0x00007ff80e2fc000 	/System/Library/Frameworks/Security.framework/Versions/A/Security
0x00007ff813426000 	/System/Library/Frameworks/QuartzCore.framework/Versions/A/QuartzCore
0x00007ff8166e9000 	/usr/lib/libbsm.0.dylib
0x00007ff8170b2000 	/System/Library/PrivateFrameworks/SoftLinking.framework/Versions/A/SoftLinking
0x00007ff812c5b000 	/System/Library/PrivateFrameworks/CoreAnalytics.framework/Versions/A/CoreAnalytics
0x00007ff8186be000 	/System/Library/Frameworks/VideoToolbox.framework/Versions/A/VideoToolbox
0x00007ff812919000 	/System/Library/PrivateFrameworks/BaseBoard.framework/Versions/A/BaseBoard
0x00007ff8139f2000 	/System/Library/Frameworks/CoreServices.framework/Versions/A/Frameworks/FSEvents.framework/Versions/A/FSEvents
0x00007ff80e8f5000 	/System/Library/Frameworks/CoreServices.framework/Versions/A/Frameworks/CarbonCore.framework/Versions/A/CarbonCore
0x00007ff812cdc000 	/System/Library/Frameworks/CoreServices.framework/Versions/A/Frameworks/Metadata.framework/Versions/A/Metadata
0x00007ff816d7e000 	/System/Library/Frameworks/CoreServices.framework/Versions/A/Frameworks/OSServices.framework/Versions/A/OSServices
0x00007ff817275000 	/System/Library/Frameworks/CoreServices.framework/Versions/A/Frameworks/SearchKit.framework/Versions/A/SearchKit
0x00007ff812a25000 	/System/Library/Frameworks/CoreServices.framework/Versions/A/Frameworks/AE.framework/Versions/A/AE
0x00007ff80c7f8000 	/System/Library/Frameworks/CoreServices.framework/Versions/A/Frameworks/LaunchServices.framework/Versions/A/LaunchServices
0x00007ff8177b1000 	/System/Library/Frameworks/CoreServices.framework/Versions/A/Frameworks/DictionaryServices.framework/Versions/A/DictionaryServices
0x00007ff8139ff000 	/System/Library/Frameworks/CoreServices.framework/Versions/A/Frameworks/SharedFileList.framework/Versions/A/SharedFileList
0x00007ff817300000 	/usr/lib/libapple_nghttp2.dylib
0x00007ff80e657000 	/usr/lib/libicucore.A.dylib
0x00007ff810368000 	/usr/lib/libnetwork.dylib
0x00007ff8126ba000 	/usr/lib/libsqlite3.dylib
0x00007ff8170ae000 	/usr/lib/libfakelink.dylib
0x00007ff8111ff000 	/usr/lib/libenergytrace.dylib
0x00007ff817047000 	/usr/lib/system/libkxld.dylib
0x00007ffb24a50000 	/usr/lib/libCoreEntitlements.dylib
0x00007ff816d5b000 	/System/Library/PrivateFrameworks/AppleFSCompression.framework/Versions/A/AppleFSCompression
0x00007ff8166d1000 	/usr/lib/libcoretls.dylib
0x00007ff81781a000 	/usr/lib/libcoretls_cfhelpers.dylib
0x00007ff817330000 	/usr/lib/libpam.2.dylib
0x00007ff817889000 	/usr/lib/libxar.1.dylib
0x00007ff813a27000 	/System/Library/PrivateFrameworks/CoreAutoLayout.framework/Versions/A/CoreAutoLayout
0x00007ff812d78000 	/System/Library/Frameworks/DiskArbitration.framework/Versions/A/DiskArbitration
0x00007ff8171ef000 	/usr/lib/libarchive.2.dylib
0x00007ff815986000 	/usr/lib/liblangid.dylib
0x00007ff815982000 	/System/Library/PrivateFrameworks/AppleSystemInfo.framework/Versions/A/AppleSystemInfo
0x00007ff81631c000 	/System/Library/PrivateFrameworks/IOMobileFramebuffer.framework/Versions/A/IOMobileFramebuffer
0x00007ff8170b3000 	/usr/lib/libpcap.A.dylib
0x00007ff812a93000 	/usr/lib/libdns_services.dylib
0x00007ff817800000 	/usr/lib/liblzma.5.dylib
0x00007ff816d6b000 	/usr/lib/libbz2.1.0.dylib
0x00007ff8170ed000 	/usr/lib/libiconv.2.dylib
0x00007ff817040000 	/usr/lib/libcharset.1.dylib
0x00007ff8166c5000 	/usr/lib/libCheckFix.dylib
0x00007ff811264000 	/System/Library/PrivateFrameworks/TCC.framework/Versions/A/TCC
0x00007ff815988000 	/System/Library/PrivateFrameworks/CoreNLP.framework/Versions/A/CoreNLP
0x00007ff812c8c000 	/System/Library/PrivateFrameworks/MetadataUtilities.framework/Versions/A/MetadataUtilities
0x00007ff80cf35000 	/usr/lib/libmecabra.dylib
0x00007ff8166f9000 	/usr/lib/libmecab.dylib
0x00007ff80cf00000 	/usr/lib/libCRFSuite.dylib
0x00007ff816753000 	/usr/lib/libgermantok.dylib
0x00007ff8172db000 	/usr/lib/libThaiTokenizer.dylib
0x00007ff812d7f000 	/System/Library/Frameworks/Accelerate.framework/Versions/A/Frameworks/vImage.framework/Versions/A/vImage
0x00007ff81d427000 	/System/Library/Frameworks/Accelerate.framework/Versions/A/Frameworks/vecLib.framework/Versions/A/vecLib
0x00007ff8178ca000 	/System/Library/Frameworks/Accelerate.framework/Versions/A/Frameworks/vecLib.framework/Versions/A/libvMisc.dylib
0x00007ff816147000 	/System/Library/Frameworks/Accelerate.framework/Versions/A/Frameworks/vecLib.framework/Versions/A/libvDSP.dylib
0x00007ff80cb74000 	/System/Library/Frameworks/Accelerate.framework/Versions/A/Frameworks/vecLib.framework/Versions/A/libBLAS.dylib
0x00007ff817413000 	/System/Library/Frameworks/Accelerate.framework/Versions/A/Frameworks/vecLib.framework/Versions/A/libLAPACK.dylib
0x00007ff816756000 	/System/Library/Frameworks/Accelerate.framework/Versions/A/Frameworks/vecLib.framework/Versions/A/libLinearAlgebra.dylib
0x00007ff817318000 	/System/Library/Frameworks/Accelerate.framework/Versions/A/Frameworks/vecLib.framework/Versions/A/libSparseBLAS.dylib
0x00007ff81740d000 	/System/Library/Frameworks/Accelerate.framework/Versions/A/Frameworks/vecLib.framework/Versions/A/libQuadrature.dylib
0x00007ff815a73000 	/System/Library/Frameworks/Accelerate.framework/Versions/A/Frameworks/vecLib.framework/Versions/A/libBNNS.dylib
0x00007ff80ce0e000 	/System/Library/Frameworks/Accelerate.framework/Versions/A/Frameworks/vecLib.framework/Versions/A/libSparse.dylib
0x00007ff815a6c000 	/System/Library/PrivateFrameworks/LinguisticData.framework/Versions/A/LinguisticData
0x00007ff80cdc4000 	/System/Library/PrivateFrameworks/Lexicon.framework/Versions/A/Lexicon
0x00007ff8178c3000 	/usr/lib/libChineseTokenizer.dylib
0x00007ff80d52f000 	/System/Library/PrivateFrameworks/LanguageModeling.framework/Versions/A/LanguageModeling
0x00007ff8172dd000 	/System/Library/PrivateFrameworks/AppleSauce.framework/Versions/A/AppleSauce
0x00007ff81630a000 	/System/Library/PrivateFrameworks/CoreEmoji.framework/Versions/A/CoreEmoji
0x00007ff8171de000 	/usr/lib/libcmph.dylib
0x00007ff8139d6000 	/System/Library/Frameworks/OpenDirectory.framework/Versions/A/Frameworks/CFOpenDirectory.framework/Versions/A/CFOpenDirectory
0x00007ff8139ca000 	/System/Library/Frameworks/OpenDirectory.framework/Versions/A/OpenDirectory
0x00007ff81781c000 	/System/Library/PrivateFrameworks/APFS.framework/Versions/A/APFS
0x00007ff816620000 	/System/Library/Frameworks/SecurityFoundation.framework/Versions/A/SecurityFoundation
0x00007ff817897000 	/usr/lib/libutil.dylib
0x00007ff80ec1f000 	/System/Library/PrivateFrameworks/CoreServicesStore.framework/Versions/A/CoreServicesStore
0x00007ff813a24000 	/usr/lib/libapp_launch_measurement.dylib
0x00007ff81789b000 	/usr/lib/libxslt.1.dylib
0x00007ff8166ad000 	/System/Library/PrivateFrameworks/BackgroundTaskManagement.framework/Versions/A/BackgroundTaskManagement
0x00007ff8126a0000 	/System/Library/PrivateFrameworks/ProtocolBuffer.framework/Versions/A/ProtocolBuffer
0x00007ff817a24000 	/usr/lib/libate.dylib
0x00007ff818d0f000 	/System/Library/Frameworks/ImageIO.framework/Versions/A/Resources/libRadiance.dylib
0x00007ff818d18000 	/System/Library/Frameworks/ImageIO.framework/Versions/A/Resources/libJPEG.dylib
0x00007ff818c64000 	/System/Library/Frameworks/ImageIO.framework/Versions/A/Resources/libPng.dylib
0x00007ff818c85000 	/System/Library/Frameworks/ImageIO.framework/Versions/A/Resources/libTIFF.dylib
0x00007ff818d78000 	/System/Library/Frameworks/ImageIO.framework/Versions/A/Resources/libGIF.dylib
0x00007ff81859e000 	/System/Library/Frameworks/ImageIO.framework/Versions/A/Resources/libJP2.dylib
0x00007ff817cd9000 	/usr/lib/libexpat.1.dylib
0x00007ff818553000 	/System/Library/PrivateFrameworks/AppleJPEG.framework/Versions/A/AppleJPEG
0x00007ff818d08000 	/System/Library/PrivateFrameworks/GPUWrangler.framework/Versions/A/GPUWrangler
0x00007ff818cec000 	/System/Library/PrivateFrameworks/IOPresentment.framework/Versions/A/IOPresentment
0x00007ff818d12000 	/System/Library/PrivateFrameworks/DSExternalDisplay.framework/Versions/A/DSExternalDisplay
0x00007ffa2508e000 	/System/Library/Frameworks/OpenGL.framework/Versions/A/Libraries/libCoreFSCache.dylib
0x00007ffb12163000 	/System/Library/PrivateFrameworks/GPUCompiler.framework/Versions/31001/Libraries/libGPUCompilerUtils.dylib
0x00007ff818d7d000 	/System/Library/PrivateFrameworks/CMCaptureCore.framework/Versions/A/CMCaptureCore
0x00007ff818294000 	/usr/lib/libspindump.dylib
0x00007ff80dbc6000 	/System/Library/Frameworks/CoreAudio.framework/Versions/A/CoreAudio
0x00007ff818282000 	/System/Library/PrivateFrameworks/AppServerSupport.framework/Versions/A/AppServerSupport
0x00007ff81a54b000 	/System/Library/PrivateFrameworks/perfdata.framework/Versions/A/perfdata
0x00007ff80d749000 	/System/Library/PrivateFrameworks/AudioToolboxCore.framework/Versions/A/AudioToolboxCore
0x00007ff814d98000 	/System/Library/PrivateFrameworks/caulk.framework/Versions/A/caulk
0x00007ff819e5d000 	/usr/lib/libAudioStatistics.dylib
0x00007ff911b51000 	/System/Library/PrivateFrameworks/SystemPolicy.framework/Versions/A/SystemPolicy
0x00007ff81a0b8000 	/usr/lib/libSMC.dylib
0x00007ff822ff3000 	/System/Library/Frameworks/CoreMIDI.framework/Versions/A/CoreMIDI
0x00007ff818c33000 	/usr/lib/libAudioToolboxUtility.dylib
0x00007ff90dd71000 	/System/Library/PrivateFrameworks/OSAServicesClient.framework/Versions/A/OSAServicesClient
0x00007ff81a558000 	/usr/lib/libperfcheck.dylib
0x00007ff912602000 	/usr/lib/libmis.dylib
0x00007ffa2509a000 	/System/Library/Frameworks/OpenGL.framework/Versions/A/OpenGL
0x00007ffa250e9000 	/System/Library/Frameworks/OpenGL.framework/Versions/A/Libraries/libGLU.dylib
0x00007ffa250ad000 	/System/Library/Frameworks/OpenGL.framework/Versions/A/Libraries/libGFXShared.dylib
0x00007ffa252b6000 	/System/Library/Frameworks/OpenGL.framework/Versions/A/Libraries/libGL.dylib
0x00007ffa250b6000 	/System/Library/Frameworks/OpenGL.framework/Versions/A/Libraries/libGLImage.dylib
0x00007ffa250aa000 	/System/Library/Frameworks/OpenGL.framework/Versions/A/Libraries/libCVMSPluginSupport.dylib
0x00007ffa25095000 	/System/Library/Frameworks/OpenGL.framework/Versions/A/Libraries/libCoreVMClient.dylib
0x00007ff815904000 	/System/Library/Frameworks/MetalPerformanceShaders.framework/Versions/A/Frameworks/MPSCore.framework/Versions/A/MPSCore
0x00007ff816cc6000 	/System/Library/Frameworks/MetalPerformanceShaders.framework/Versions/A/Frameworks/MPSImage.framework/Versions/A/MPSImage
0x00007ff81676c000 	/System/Library/Frameworks/MetalPerformanceShaders.framework/Versions/A/Frameworks/MPSNeuralNetwork.framework/Versions/A/MPSNeuralNetwork
0x00007ff816be0000 	/System/Library/Frameworks/MetalPerformanceShaders.framework/Versions/A/Frameworks/MPSMatrix.framework/Versions/A/MPSMatrix
0x00007ff81699b000 	/System/Library/Frameworks/MetalPerformanceShaders.framework/Versions/A/Frameworks/MPSRayIntersector.framework/Versions/A/MPSRayIntersector
0x00007ff816c18000 	/System/Library/Frameworks/MetalPerformanceShaders.framework/Versions/A/Frameworks/MPSNDArray.framework/Versions/A/MPSNDArray
0x00007ffa2ab6e000 	/System/Library/Frameworks/MetalPerformanceShaders.framework/Versions/A/Frameworks/MPSFunctions.framework/Versions/A/MPSFunctions
0x00007ff80ca50000 	/System/Library/PrivateFrameworks/MetalTools.framework/Versions/A/MetalTools
0x00007ff815980000 	/System/Library/PrivateFrameworks/AggregateDictionary.framework/Versions/A/AggregateDictionary
0x00007ff817abb000 	/usr/lib/libIOReport.dylib
0x00007ff81557c000 	/System/Library/Frameworks/CoreImage.framework/Versions/A/CoreImage
0x00007ffa266c5000 	/System/Library/Frameworks/OpenCL.framework/Versions/A/OpenCL
0x00007ff817e20000 	/System/Library/PrivateFrameworks/FaceCore.framework/Versions/A/FaceCore
0x00007ff817e11000 	/System/Library/PrivateFrameworks/GraphVisualizer.framework/Versions/A/GraphVisualizer
0x00007ffb1206e000 	/System/Library/PrivateFrameworks/FontServices.framework/Versions/A/FontServices
0x00007ff80fe92000 	/System/Library/Frameworks/UniformTypeIdentifiers.framework/Versions/A/UniformTypeIdentifiers
0x00007ff81823a000 	/System/Library/PrivateFrameworks/OTSVG.framework/Versions/A/OTSVG
0x00007ff813739000 	/System/Library/Frameworks/ApplicationServices.framework/Versions/A/Frameworks/ATS.framework/Versions/A/Resources/libFontRegistry.dylib
0x00007ff81828a000 	/System/Library/PrivateFrameworks/FontServices.framework/libhvf.dylib
0x00007ffb1206f000 	/System/Library/PrivateFrameworks/FontServices.framework/libXTFontStaticRegistryData.dylib
0x00007ff817c89000 	/System/Library/PrivateFrameworks/AppleVA.framework/Versions/A/AppleVA
0x00007ff818d48000 	/System/Library/Frameworks/ApplicationServices.framework/Versions/A/Frameworks/ATSUI.framework/Versions/A/ATSUI
0x00007ff81a198000 	/usr/lib/libcups.2.dylib
0x00007ff81a567000 	/System/Library/Frameworks/Kerberos.framework/Versions/A/Kerberos
0x00007ff81a576000 	/System/Library/Frameworks/GSS.framework/Versions/A/GSS
0x00007ff819ee9000 	/usr/lib/libresolv.9.dylib
0x00007ff818299000 	/System/Library/PrivateFrameworks/Heimdal.framework/Versions/A/Heimdal
0x00007ff821176000 	/System/Library/Frameworks/Kerberos.framework/Versions/A/Libraries/libHeimdalProxy.dylib
0x00007ff812aa3000 	/System/Library/Frameworks/Network.framework/Versions/A/Network
0x00007ff817cf4000 	/usr/lib/libheimdal-asn1.dylib
0x00007ff81a5c1000 	/System/Library/PrivateFrameworks/CommonAuth.framework/Versions/A/CommonAuth
0x00007ff819cb2000 	/System/Library/Frameworks/AudioToolbox.framework/Versions/A/AudioToolbox
0x00007ff819def000 	/System/Library/PrivateFrameworks/AudioSession.framework/Versions/A/AudioSession
0x00007ff817d84000 	/System/Library/PrivateFrameworks/MediaExperience.framework/Versions/A/MediaExperience
0x00007ff819c81000 	/System/Library/PrivateFrameworks/AudioSession.framework/libSessionUtility.dylib
0x00007ff81a217000 	/System/Library/PrivateFrameworks/AudioResourceArbitration.framework/Versions/A/AudioResourceArbitration
0x00007ff81e29a000 	/System/Library/PrivateFrameworks/PowerLog.framework/Versions/A/PowerLog
0x00007ff812289000 	/System/Library/Frameworks/CoreData.framework/Versions/A/CoreData
0x00007ff823140000 	/System/Library/Frameworks/Cocoa.framework/Versions/A/Cocoa
0x00007ff80ed73000 	/System/Library/Frameworks/AppKit.framework/Versions/C/AppKit
0x00007ff80fc03000 	/System/Library/PrivateFrameworks/UIFoundation.framework/Versions/A/UIFoundation
0x00007ff81d026000 	/System/Library/PrivateFrameworks/RemoteViewServices.framework/Versions/A/RemoteViewServices
0x00007ff8152ff000 	/System/Library/PrivateFrameworks/XCTTargetBootstrap.framework/Versions/A/XCTTargetBootstrap
0x00007ff818ebc000 	/System/Library/PrivateFrameworks/InternationalSupport.framework/Versions/A/InternationalSupport
0x00007ff818f46000 	/System/Library/PrivateFrameworks/UserActivity.framework/Versions/A/UserActivity
0x00007ff815304000 	/System/Library/PrivateFrameworks/CoreSVG.framework/Versions/A/CoreSVG
0x00007ff817d13000 	/System/Library/PrivateFrameworks/IconServices.framework/Versions/A/IconServices
0x00007ff8152eb000 	/System/Library/PrivateFrameworks/DFRFoundation.framework/Versions/A/DFRFoundation
0x00007ff818ec8000 	/System/Library/PrivateFrameworks/DataDetectorsCore.framework/Versions/A/DataDetectorsCore
0x00007ff9153cc000 	/System/Library/PrivateFrameworks/TextInput.framework/Versions/A/TextInput
0x00007ff814ff7000 	/System/Library/Frameworks/Carbon.framework/Versions/A/Frameworks/HIToolbox.framework/Versions/A/HIToolbox
0x00007ff81d05e000 	/System/Library/Frameworks/Carbon.framework/Versions/A/Frameworks/SpeechRecognition.framework/Versions/A/SpeechRecognition
0x00007ff813784000 	/System/Library/PrivateFrameworks/CoreUI.framework/Versions/A/CoreUI
0x00007ff8139be000 	/System/Library/PrivateFrameworks/PerformanceAnalysis.framework/Versions/A/PerformanceAnalysis
0x00007ff8165e8000 	/System/Library/PrivateFrameworks/MobileKeyBag.framework/Versions/A/MobileKeyBag
0x00007ff818def000 	/System/Library/PrivateFrameworks/TextureIO.framework/Versions/A/TextureIO
0x00007ff817cfd000 	/System/Library/PrivateFrameworks/IconFoundation.framework/Versions/A/IconFoundation
0x00007ff81d04e000 	/System/Library/PrivateFrameworks/SpeechRecognitionCore.framework/Versions/A/SpeechRecognitionCore
0x0000000108b48000 	/Library/Java/JavaVirtualMachines/jdk-25.jdk/Contents/Home/lib/server/libjvm.dylib
0x000000010785c000 	/Library/Java/JavaVirtualMachines/jdk-25.jdk/Contents/Home/lib/libjimage.dylib
0x000000010787b000 	/Library/Java/JavaVirtualMachines/jdk-25.jdk/Contents/Home/lib/libinstrument.dylib
0x00000001078b4000 	/Library/Java/JavaVirtualMachines/jdk-25.jdk/Contents/Home/lib/libjava.dylib
0x0000000108af4000 	/Library/Java/JavaVirtualMachines/jdk-25.jdk/Contents/Home/lib/libzip.dylib
0x0000000108b03000 	/Library/Java/JavaVirtualMachines/jdk-25.jdk/Contents/Home/lib/libnio.dylib
0x0000000108b1a000 	/Library/Java/JavaVirtualMachines/jdk-25.jdk/Contents/Home/lib/libnet.dylib
0x000000010ffd7000 	/Library/Java/JavaVirtualMachines/jdk-25.jdk/Contents/Home/lib/libawt.dylib
0x00007ffa2aad7000 	/System/Library/Frameworks/JavaRuntimeSupport.framework/Versions/A/JavaRuntimeSupport
0x00007ff911675000 	/System/Library/Frameworks/Carbon.framework/Versions/A/Carbon
0x00007ff81f515000 	/System/Library/PrivateFrameworks/CoreSymbolication.framework/Versions/A/CoreSymbolication
0x00007ff824aba000 	/System/Library/Frameworks/Carbon.framework/Versions/A/Frameworks/CommonPanels.framework/Versions/A/CommonPanels
0x00007ff820b4b000 	/System/Library/Frameworks/Carbon.framework/Versions/A/Frameworks/Help.framework/Versions/A/Help
0x00007ff824abe000 	/System/Library/Frameworks/Carbon.framework/Versions/A/Frameworks/ImageCapture.framework/Versions/A/ImageCapture
0x00007ff824a8e000 	/System/Library/Frameworks/Carbon.framework/Versions/A/Frameworks/OpenScripting.framework/Versions/A/OpenScripting
0x00007ff824ab6000 	/System/Library/Frameworks/Carbon.framework/Versions/A/Frameworks/Ink.framework/Versions/A/Ink
0x00007ff911671000 	/System/Library/Frameworks/Carbon.framework/Versions/A/Frameworks/Print.framework/Versions/A/Print
0x00007ff824ab2000 	/System/Library/Frameworks/Carbon.framework/Versions/A/Frameworks/SecurityHI.framework/Versions/A/SecurityHI
0x00007ff81f4da000 	/System/Library/PrivateFrameworks/DebugSymbols.framework/Versions/A/DebugSymbols
0x00000001078a1000 	/Library/Java/JavaVirtualMachines/jdk-25.jdk/Contents/Home/lib/libextnet.dylib
0x00000001101bd000 	/Library/Java/JavaVirtualMachines/jdk-25.jdk/Contents/Home/lib/libawt_lwawt.dylib
0x000000010ff5e000 	/Library/Java/JavaVirtualMachines/jdk-25.jdk/Contents/Home/lib/libosxapp.dylib
0x00007ff91093f000 	/System/Library/Frameworks/ExceptionHandling.framework/Versions/A/ExceptionHandling
0x000000011043f000 	/Library/Java/JavaVirtualMachines/jdk-25.jdk/Contents/Home/lib/libfontmanager.dylib
0x00000001102ec000 	/Library/Java/JavaVirtualMachines/jdk-25.jdk/Contents/Home/lib/libfreetype.dylib
0x00007ff80ebe1000 	/System/Library/PrivateFrameworks/CoreServicesInternal.framework/Versions/A/CoreServicesInternal
0x00007ff81e88b000 	/System/Library/Frameworks/FileProvider.framework/Versions/A/FileProvider
0x00007ff812886000 	/System/Library/Frameworks/Accounts.framework/Versions/A/Accounts
0x00007ff81ea04000 	/System/Library/PrivateFrameworks/GenerationalStorage.framework/Versions/A/GenerationalStorage
0x00007ff81e28f000 	/System/Library/PrivateFrameworks/SymptomDiagnosticReporter.framework/Versions/A/SymptomDiagnosticReporter
0x00007ff80fea6000 	/System/Library/PrivateFrameworks/DesktopServicesPriv.framework/Versions/A/DesktopServicesPriv
0x00007ff80ed24000 	/usr/lib/libsandbox.1.dylib
0x00007ff813bd2000 	/System/Library/PrivateFrameworks/UserManagement.framework/Versions/A/UserManagement
0x00007ff81a1f8000 	/System/Library/PrivateFrameworks/NetAuth.framework/Versions/A/NetAuth
0x00007ff81b107000 	/System/Library/PrivateFrameworks/Sharing.framework/Versions/A/Sharing
0x00007ff813ba5000 	/System/Library/PrivateFrameworks/login.framework/Versions/A/Frameworks/loginsupport.framework/Versions/A/loginsupport
0x00007ff820679000 	/System/Library/PrivateFrameworks/Apple80211.framework/Versions/A/Apple80211
0x00007ff816dab000 	/System/Library/PrivateFrameworks/AuthKit.framework/Versions/A/AuthKit
0x00007ff816400000 	/System/Library/PrivateFrameworks/CoreUtils.framework/Versions/A/CoreUtils
0x00007ff816327000 	/System/Library/Frameworks/CoreWLAN.framework/Versions/A/CoreWLAN
0x00007ff81b266000 	/System/Library/Frameworks/IOBluetooth.framework/Versions/A/IOBluetooth
0x00007ff8206e1000 	/System/Library/PrivateFrameworks/CoreWiFi.framework/Versions/A/CoreWiFi
0x00007ff81f0ae000 	/System/Library/PrivateFrameworks/FrontBoardServices.framework/Versions/A/FrontBoardServices
0x00007ff81f13f000 	/System/Library/PrivateFrameworks/BoardServices.framework/Versions/A/BoardServices
0x00007ff81660f000 	/System/Library/PrivateFrameworks/AssertionServices.framework/Versions/A/AssertionServices
0x00007ff820864000 	/System/Library/PrivateFrameworks/BackBoardServices.framework/Versions/A/BackBoardServices
0x00007ff81a652000 	/System/Library/PrivateFrameworks/CorePhoneNumbers.framework/Versions/A/CorePhoneNumbers
0x00007ff819f16000 	/System/Library/PrivateFrameworks/MultiverseSupport.framework/Versions/A/MultiverseSupport
0x00007ff820ad8000 	/System/Library/PrivateFrameworks/RemoteServiceDiscovery.framework/Versions/A/RemoteServiceDiscovery
0x00007ff81e3ac000 	/System/Library/PrivateFrameworks/DiskManagement.framework/Versions/A/DiskManagement
0x00007ff81e2c0000 	/System/Library/PrivateFrameworks/AppleIDAuthSupport.framework/Versions/A/AppleIDAuthSupport
0x00007ffb0c9ea000 	/System/Library/PrivateFrameworks/AAAFoundation.framework/Versions/A/AAAFoundation
0x00007ff81a633000 	/System/Library/PrivateFrameworks/KeychainCircle.framework/Versions/A/KeychainCircle
0x00007ff820ae8000 	/System/Library/PrivateFrameworks/RemoteXPC.framework/Versions/A/RemoteXPC
0x00007ff81e378000 	/System/Library/PrivateFrameworks/MediaKit.framework/Versions/A/MediaKit
0x00007ff81e2cc000 	/System/Library/Frameworks/DiscRecording.framework/Versions/A/DiscRecording
0x00007ff817c01000 	/usr/lib/libCoreStorage.dylib
0x00007ff820b53000 	/usr/lib/libcsfde.dylib
0x00007ff81b333000 	/System/Library/PrivateFrameworks/ProtectedCloudStorage.framework/Versions/A/ProtectedCloudStorage
0x00007ff820b4f000 	/System/Library/PrivateFrameworks/EFILogin.framework/Versions/A/EFILogin
0x00007ff81ea2a000 	/System/Library/PrivateFrameworks/OctagonTrust.framework/Versions/A/OctagonTrust
0x00007ffb112d2000 	/System/Library/PrivateFrameworks/CoreUtilsExtras.framework/Versions/A/CoreUtilsExtras
0x00007ff81e1f3000 	/System/Library/Frameworks/CoreBluetooth.framework/Versions/A/CoreBluetooth
0x00007ff8211fb000 	/System/Library/Frameworks/AudioUnit.framework/Versions/A/AudioUnit
0x00007ff817bf9000 	/usr/lib/libMatch.1.dylib
0x00007ff919402000 	/System/Library/CoreServices/RawCamera.bundle/Contents/MacOS/RawCamera
0x00007ff81a5d1000 	/System/Library/PrivateFrameworks/MobileAsset.framework/Versions/A/MobileAsset
0x00007ff821222000 	/System/Library/PrivateFrameworks/StreamingZip.framework/Versions/A/StreamingZip
0x00007ffb0e5c6000 	/System/Library/PrivateFrameworks/CMPhoto.framework/Versions/A/CMPhoto
0x00007ff81f3b0000 	/System/Library/PrivateFrameworks/AppleVPA.framework/Versions/A/AppleVPA
0x00007ff818fb1000 	/System/Library/Frameworks/MediaToolbox.framework/Versions/A/MediaToolbox
0x00007ff81e85b000 	/System/Library/PrivateFrameworks/CoreAVCHD.framework/Versions/A/CoreAVCHD
0x00007ff81d730000 	/System/Library/Frameworks/MediaAccessibility.framework/Versions/A/MediaAccessibility
0x00007ff81e857000 	/System/Library/PrivateFrameworks/Mangrove.framework/Versions/A/Mangrove
0x00007ff81d73b000 	/System/Library/PrivateFrameworks/AlgosScoreFramework.framework/Versions/A/AlgosScoreFramework
0x00007ff81e49c000 	/System/Library/PrivateFrameworks/CoreAUC.framework/Versions/A/CoreAUC
0x00007ff916c2b000 	/System/Library/Frameworks/Accelerate.framework/Versions/A/Frameworks/vImage.framework/Versions/A/Libraries/libCGInterfaces.dylib
0x00000001103f6000 	/usr/lib/libobjc-trampolines.dylib
0x00007ff8138ca000 	/System/Library/PrivateFrameworks/ViewBridge.framework/Versions/A/ViewBridge
0x00007ffb24b3f000 	/usr/lib/libRosetta.dylib
0x000000011195b000 	/Library/Java/JavaVirtualMachines/jdk-25.jdk/Contents/Home/lib/libosxui.dylib
0x00007ffa28859000 	/System/Library/Extensions/AMDMTLBronzeDriver.bundle/Contents/MacOS/AMDMTLBronzeDriver
0x00007ff916402000 	/System/Library/PrivateFrameworks/IOAccelMemoryInfo.framework/Versions/A/IOAccelMemoryInfo
0x00007ff818351000 	/System/Library/PrivateFrameworks/login.framework/Versions/A/login
0x00007ff81d76c000 	/System/Library/PrivateFrameworks/SystemAdministration.framework/Versions/A/SystemAdministration
0x00007ff81d01a000 	/System/Library/Frameworks/DirectoryService.framework/Versions/A/DirectoryService
0x00007ff8209f0000 	/System/Library/PrivateFrameworks/DiskImages.framework/Versions/A/DiskImages
0x00007ff8166b7000 	/System/Library/Frameworks/ServiceManagement.framework/Versions/A/ServiceManagement
0x00007ff820be4000 	/System/Library/PrivateFrameworks/LoginUIKit.framework/Versions/A/Frameworks/LoginUICore.framework/Versions/A/LoginUICore
0x00007ff8184fa000 	/usr/lib/libodfde.dylib
0x00007ff820b5f000 	/usr/lib/libcurl.4.dylib
0x00007ffb24fab000 	/usr/lib/libcrypto.46.dylib
0x00007ffb254a0000 	/usr/lib/libssl.48.dylib
0x00007ff820882000 	/System/Library/Frameworks/LDAP.framework/Versions/A/LDAP
0x00007ff8208ba000 	/System/Library/PrivateFrameworks/TrustEvaluationAgent.framework/Versions/A/TrustEvaluationAgent
0x00007ff819f02000 	/usr/lib/libsasl2.2.dylib
0x00007ff81d760000 	/System/Library/PrivateFrameworks/CoreDaemon.framework/Versions/B/CoreDaemon
0x00007ff81d75b000 	/System/Library/PrivateFrameworks/AppleSRP.framework/Versions/A/AppleSRP
0x00007ffa17603000 	/System/Library/PrivateFrameworks/VoiceShortcutClient.framework/Versions/A/VoiceShortcutClient
0x00007ff820bec000 	/System/Library/PrivateFrameworks/AppSupport.framework/Versions/A/AppSupport
0x00007ff821290000 	/System/Library/PrivateFrameworks/IntentsFoundation.framework/Versions/A/IntentsFoundation
0x00007ff816f41000 	/System/Library/Frameworks/CoreSpotlight.framework/Versions/A/CoreSpotlight
0x00007ff81fff7000 	/System/Library/PrivateFrameworks/CoreDuetContext.framework/Versions/A/CoreDuetContext
0x00007ff81005e000 	/System/Library/PrivateFrameworks/CoreDuet.framework/Versions/A/CoreDuet
0x00007ff82004f000 	/System/Library/Frameworks/Intents.framework/Versions/A/Intents
0x00007ff817bc2000 	/System/Library/PrivateFrameworks/PlugInKit.framework/Versions/A/PlugInKit
0x00007ff821ee2000 	/System/Library/PrivateFrameworks/ProactiveSupport.framework/Versions/A/ProactiveSupport
0x00007ff814b7d000 	/System/Library/Frameworks/CoreLocation.framework/Versions/A/CoreLocation
0x00007ff817ac4000 	/System/Library/PrivateFrameworks/CrashReporterSupport.framework/Versions/A/CrashReporterSupport
0x00007ff820de5000 	/System/Library/PrivateFrameworks/InternationalTextSearch.framework/Versions/A/InternationalTextSearch
0x00007ff822d98000 	/System/Library/PrivateFrameworks/RTCReporting.framework/Versions/A/RTCReporting
0x00007ff91e648000 	/System/Library/PrivateFrameworks/OSAnalytics.framework/Versions/A/OSAnalytics
0x00007ff929806000 	/System/Library/PrivateFrameworks/Symbolication.framework/Versions/A/Symbolication
0x00007ff9125db000 	/System/Library/PrivateFrameworks/MallocStackLogging.framework/Versions/A/MallocStackLogging
0x00007ff81b5fc000 	/System/Library/PrivateFrameworks/GeoServices.framework/Versions/A/GeoServices
0x00007ff819c59000 	/System/Library/PrivateFrameworks/LocationSupport.framework/Versions/A/LocationSupport
0x00007ffb1285d000 	/System/Library/PrivateFrameworks/GeoServicesCore.framework/Versions/A/GeoServicesCore
0x00007ff90ddb1000 	/System/Library/PrivateFrameworks/PhoneNumbers.framework/Versions/A/PhoneNumbers
0x00007ff81edaa000 	/System/Library/Frameworks/CoreTelephony.framework/Versions/A/CoreTelephony
0x00007ff822026000 	/System/Library/PrivateFrameworks/CoreDuetDebugLogging.framework/Versions/A/CoreDuetDebugLogging
0x00007ff813ba8000 	/System/Library/PrivateFrameworks/ApplePushService.framework/Versions/A/ApplePushService
0x00007ff813bf7000 	/System/Library/Frameworks/CloudKit.framework/Versions/A/CloudKit
0x00007ff822029000 	/System/Library/PrivateFrameworks/CoreDuetDaemonProtocol.framework/Versions/A/CoreDuetDaemonProtocol
0x00007ff81f5f5000 	/System/Library/PrivateFrameworks/Rapport.framework/Versions/A/Rapport
0x00007ff812901000 	/System/Library/PrivateFrameworks/CommonUtilities.framework/Versions/A/CommonUtilities
0x00007ff81a65b000 	/usr/lib/libTelephonyUtilDynamic.dylib
0x00007ff8184fe000 	/System/Library/PrivateFrameworks/Bom.framework/Versions/A/Bom
0x00007ff819f26000 	/usr/lib/libParallelCompression.dylib
0x00007ff8212a7000 	/System/Library/PrivateFrameworks/C2.framework/Versions/A/C2
0x00007ffb0e7cd000 	/System/Library/PrivateFrameworks/CloudKitDistributedSync.framework/Versions/A/CloudKitDistributedSync
0x00007ff82129f000 	/System/Library/Frameworks/PushKit.framework/Versions/A/PushKit
0x00007ff81f5eb000 	/System/Library/PrivateFrameworks/CoreTime.framework/Versions/A/CoreTime

JVMTI agents:
/Applications/IntelliJ IDEA.app/Contents/lib/idea_rt.jar path:none, loaded, initialized, instrumentlib options:57904


VM Arguments:
jvm_args: -javaagent:/Applications/IntelliJ IDEA.app/Contents/lib/idea_rt.jar=57904 -Dfile.encoding=UTF-8 -Dsun.stdout.encoding=UTF-8 -Dsun.stderr.encoding=UTF-8 
java_command: tankfight.Main
java_class_path (initial): /Users/s1834299/Documents/GCC2026-T2/java-example/TankFight/out/production/TankFight:/Users/s1834299/Documents/GCC2026-T2/java-example/TankFight/lib/junit-platform-console-standalone-6.1.2.jar
Launcher Type: SUN_STANDARD

[Global flags]
     intx CICompilerCount                          = 4                                         {product} {ergonomic}
     uint ConcGCThreads                            = 2                                         {product} {ergonomic}
     uint G1ConcRefinementThreads                  = 8                                         {product} {ergonomic}
   size_t G1HeapRegionSize                         = 2097152                                   {product} {ergonomic}
   size_t InitialHeapSize                          = 268435456                                 {product} {ergonomic}
   size_t MarkStackSize                            = 4194304                                   {product} {ergonomic}
   size_t MarkStackSizeMax                         = 536870912                                 {product} {ergonomic}
   size_t MaxHeapSize                              = 4294967296                                {product} {ergonomic}
   size_t MaxNewSize                               = 2575302656                                {product} {ergonomic}
   size_t MinHeapDeltaBytes                        = 2097152                                   {product} {ergonomic}
   size_t MinHeapSize                              = 8388608                                   {product} {ergonomic}
    uintx NonNMethodCodeHeapSize                   = 5836800                                {pd product} {ergonomic}
    uintx NonProfiledCodeHeapSize                  = 122912768                              {pd product} {ergonomic}
    uintx ProfiledCodeHeapSize                     = 122908672                              {pd product} {ergonomic}
    uintx ReservedCodeCacheSize                    = 251658240                              {pd product} {ergonomic}
     bool SegmentedCodeCache                       = true                                      {product} {ergonomic}
   size_t SoftMaxHeapSize                          = 4294967296                             {manageable} {ergonomic}
     bool UseCompressedOops                        = true                           {product lp64_product} {ergonomic}
     bool UseG1GC                                  = true                                      {product} {ergonomic}
     bool UseNUMA                                  = false                                     {product} {ergonomic}
     bool UseNUMAInterleaving                      = false                                     {product} {ergonomic}

Logging:
Log output configuration:
 #0: stdout all=warning uptime,level,tags foldmultilines=false
 #1: stderr all=off uptime,level,tags foldmultilines=false

Release file:
IMPLEMENTOR="Oracle Corporation"
JAVA_RUNTIME_VERSION="25.0.3+9-LTS-195"
JAVA_VERSION="25.0.3"
JAVA_VERSION_DATE="2026-04-21"
LIBC="default"
MODULES="java.base java.compiler java.datatransfer java.xml java.prefs java.desktop java.instrument java.logging java.management java.security.sasl java.naming java.rmi java.management.rmi java.net.http java.scripting java.security.jgss java.transaction.xa java.sql java.sql.rowset java.xml.crypto java.se java.smartcardio jdk.accessibility jdk.internal.jvmstat jdk.attach jdk.charsets jdk.internal.opt jdk.zipfs jdk.compiler jdk.crypto.cryptoki jdk.crypto.ec jdk.dynalink jdk.internal.ed jdk.editpad jdk.internal.vm.ci jdk.graal.compiler jdk.graal.compiler.management jdk.hotspot.agent jdk.httpserver jdk.incubator.vector jdk.internal.le jdk.internal.md jdk.jartool jdk.javadoc jdk.jcmd jdk.management jdk.management.agent jdk.jconsole jdk.jdeps jdk.jdwp.agent jdk.jdi jdk.jfr jdk.jlink jdk.jpackage jdk.jshell jdk.jsobject jdk.jstatd jdk.localedata jdk.management.jfr jdk.naming.dns jdk.naming.rmi jdk.net jdk.nio.mapmode jdk.sctp jdk.security.auth jdk.security.jgss jdk.unsupported jdk.unsupported.desktop jdk.xml.dom"
OS_ARCH="x86_64"
OS_NAME="Darwin"
SOURCE=".:git:bf167394bb46 open:git:e57ac4c1e765"

Environment Variables:
PATH=/Users/s1834299/miniconda3/condabin:/usr/local/bin:/usr/bin:/bin:/usr/sbin:/sbin:/usr/local/share/dotnet:~/.dotnet/tools:/Library/Apple/usr/bin
SHELL=/bin/zsh
LC_CTYPE=en_AU.UTF-8
TMPDIR=/var/folders/ws/gsxrbvrs7szcsx4bw2dwlrr5l5z7q1/T/

Active Locale:
LC_ALL=C/en_AU.UTF-8/C/C/C/C
LC_COLLATE=C
LC_CTYPE=en_AU.UTF-8
LC_MESSAGES=C
LC_MONETARY=C
LC_NUMERIC=C
LC_TIME=C

Signal Handlers:
   SIGSEGV: crash_handler in libjvm.dylib, mask=11100110000111110111111111111111, flags=SA_ONSTACK|SA_RESTART|SA_SIGINFO, unblocked
    SIGBUS: crash_handler in libjvm.dylib, mask=11100110000111110111111111111111, flags=SA_RESTART|SA_SIGINFO, unblocked
    SIGFPE: crash_handler in libjvm.dylib, mask=11100110000111110111111111111111, flags=SA_RESTART|SA_SIGINFO, unblocked
   SIGPIPE: javaSignalHandler in libjvm.dylib, mask=11100110000111110111111111111111, flags=SA_RESTART|SA_SIGINFO, blocked
   SIGXFSZ: javaSignalHandler in libjvm.dylib, mask=11100110000111110111111111111111, flags=SA_RESTART|SA_SIGINFO, blocked
    SIGILL: crash_handler in libjvm.dylib, mask=11100110000111110111111111111111, flags=SA_RESTART|SA_SIGINFO, unblocked
   SIGUSR2: SR_handler in libjvm.dylib, mask=00000000000000000000000000000000, flags=SA_RESTART|SA_SIGINFO, blocked
    SIGHUP: UserHandler in libjvm.dylib, mask=11100110000111110111111111111111, flags=SA_RESTART|SA_SIGINFO, blocked
    SIGINT: UserHandler in libjvm.dylib, mask=11100110000111110111111111111111, flags=SA_RESTART|SA_SIGINFO, blocked
   SIGTERM: UserHandler in libjvm.dylib, mask=11100110000111110111111111111111, flags=SA_RESTART|SA_SIGINFO, blocked
   SIGQUIT: UserHandler in libjvm.dylib, mask=11100110000111110111111111111111, flags=SA_RESTART|SA_SIGINFO, blocked
   SIGTRAP: crash_handler in libjvm.dylib, mask=11100110000111110111111111111111, flags=SA_RESTART|SA_SIGINFO, unblocked


Compilation memory statistics disabled.

Periodic native trim disabled

---------------  S Y S T E M  ---------------

OS:
uname: Darwin 21.6.0 Darwin Kernel Version 21.6.0: Mon Jun 24 00:56:10 PDT 2024; root:xnu-8020.240.18.709.2~1/RELEASE_X86_64 x86_64
OS uptime: 17 days 20:09 hours
rlimit (soft/hard): STACK 8192k/65532k , CORE 0k/infinity , NPROC 2784/4176 , NOFILE 1048576/infinity , AS infinity/infinity , CPU infinity/infinity , DATA infinity/infinity , FSIZE infinity/infinity , MEMLOCK infinity/infinity , RSS infinity/infinity
load average: 3.15 2.57 2.59

CPU: total 8 (initial active 8) (4 cores per cpu, 2 threads per core) family 6 model 94 stepping 3 microcode 0xf0, cx8, cmov, fxsr, ht, mmx, 3dnowpref, sse, sse2, sse3, ssse3, sse4.1, sse4.2, popcnt, lzcnt, tsc, tscinvbit, avx, avx2, aes, erms, clmul, bmi1, bmi2, rtm, adx, fma, vzeroupper, clflush, clflushopt, rdtscp, f16c
machdep.cpu.brand_string:Intel(R) Core(TM) i7-6700K CPU @ 4.00GHz
hw.cpufrequency:4000000000
hw.cpufrequency_min:4000000000
hw.cpufrequency_max:4000000000
hw.cachelinesize:64
hw.l1icachesize:32768
hw.l1dcachesize:32768
hw.l2cachesize:262144
hw.l3cachesize:8388608

Memory: 4k page, physical 16777216k(27220k free), swap 13631488k(2647040k free)

vm_info: Java HotSpot(TM) 64-Bit Server VM (25.0.3+9-LTS-195) for bsd-amd64 JRE (25.0.3+9-LTS-195), built on 2026-03-11T00:20:00Z with clang Apple LLVM 15.0.0 (clang-1500.3.9.4)

END.
